Archive member included to satisfy reference by file (symbol)

/home/hy/qorc-sdk/arm_toolchain_install/gcc-arm-none-eabi-9-2020-q2-update/bin/../lib/gcc/arm-none-eabi/9.3.1/thumb/v7e-m+fp/hard/libgcc.a(_arm_muldf3.o)
                              /home/hy/qorc-sdk/arm_examples/fpga-arm/m4/GCC_Project/output/ql_test_signals.o (__aeabi_dmul)
/home/hy/qorc-sdk/arm_toolchain_install/gcc-arm-none-eabi-9-2020-q2-update/bin/../lib/gcc/arm-none-eabi/9.3.1/thumb/v7e-m+fp/hard/libgcc.a(_arm_addsubdf3.o)
                              /home/hy/qorc-sdk/arm_examples/fpga-arm/m4/GCC_Project/output/ql_test_signals.o (__aeabi_dadd)
/home/hy/qorc-sdk/arm_toolchain_install/gcc-arm-none-eabi-9-2020-q2-update/bin/../lib/gcc/arm-none-eabi/9.3.1/thumb/v7e-m+fp/hard/libgcc.a(_arm_muldivdf3.o)
                              /home/hy/qorc-sdk/arm_examples/fpga-arm/m4/GCC_Project/output/eoss3_hal_i2c.o (__aeabi_ddiv)
/home/hy/qorc-sdk/arm_toolchain_install/gcc-arm-none-eabi-9-2020-q2-update/bin/../lib/gcc/arm-none-eabi/9.3.1/thumb/v7e-m+fp/hard/libgcc.a(_arm_fixdfsi.o)
                              /home/hy/qorc-sdk/arm_examples/fpga-arm/m4/GCC_Project/output/ql_test_signals.o (__aeabi_d2iz)
/home/hy/qorc-sdk/arm_toolchain_install/gcc-arm-none-eabi-9-2020-q2-update/bin/../lib/gcc/arm-none-eabi/9.3.1/thumb/v7e-m+fp/hard/libgcc.a(_arm_truncdfsf2.o)
                              /home/hy/qorc-sdk/arm_examples/fpga-arm/m4/GCC_Project/output/eoss3_hal_i2c.o (__aeabi_d2f)
/home/hy/qorc-sdk/arm_toolchain_install/gcc-arm-none-eabi-9-2020-q2-update/bin/../lib/gcc/arm-none-eabi/9.3.1/thumb/v7e-m+fp/hard/libgcc.a(_aeabi_ldivmod.o)
                              /home/hy/qorc-sdk/arm_examples/fpga-arm/m4/GCC_Project/output/dbg_uart.o (__aeabi_ldivmod)
/home/hy/qorc-sdk/arm_toolchain_install/gcc-arm-none-eabi-9-2020-q2-update/bin/../lib/gcc/arm-none-eabi/9.3.1/thumb/v7e-m+fp/hard/libgcc.a(_aeabi_uldivmod.o)
                              /home/hy/qorc-sdk/arm_examples/fpga-arm/m4/GCC_Project/output/s3x_lpm.o (__aeabi_uldivmod)
/home/hy/qorc-sdk/arm_toolchain_install/gcc-arm-none-eabi-9-2020-q2-update/bin/../lib/gcc/arm-none-eabi/9.3.1/thumb/v7e-m+fp/hard/libgcc.a(_udivmoddi4.o)
                              /home/hy/qorc-sdk/arm_toolchain_install/gcc-arm-none-eabi-9-2020-q2-update/bin/../lib/gcc/arm-none-eabi/9.3.1/thumb/v7e-m+fp/hard/libgcc.a(_aeabi_ldivmod.o) (__udivmoddi4)
/home/hy/qorc-sdk/arm_toolchain_install/gcc-arm-none-eabi-9-2020-q2-update/bin/../lib/gcc/arm-none-eabi/9.3.1/thumb/v7e-m+fp/hard/libgcc.a(_dvmd_tls.o)
                              /home/hy/qorc-sdk/arm_toolchain_install/gcc-arm-none-eabi-9-2020-q2-update/bin/../lib/gcc/arm-none-eabi/9.3.1/thumb/v7e-m+fp/hard/libgcc.a(_aeabi_ldivmod.o) (__aeabi_ldiv0)
/home/hy/qorc-sdk/arm_toolchain_install/gcc-arm-none-eabi-9-2020-q2-update/bin/../lib/gcc/arm-none-eabi/9.3.1/../../../../arm-none-eabi/lib/thumb/v7e-m+fp/hard/libg_nano.a(lib_a-exit.o)
                              /home/hy/qorc-sdk/arm_toolchain_install/gcc-arm-none-eabi-9-2020-q2-update/bin/../lib/gcc/arm-none-eabi/9.3.1/../../../../arm-none-eabi/lib/thumb/v7e-m+fp/hard/crt0.o (exit)
/home/hy/qorc-sdk/arm_toolchain_install/gcc-arm-none-eabi-9-2020-q2-update/bin/../lib/gcc/arm-none-eabi/9.3.1/../../../../arm-none-eabi/lib/thumb/v7e-m+fp/hard/libg_nano.a(lib_a-impure.o)
                              /home/hy/qorc-sdk/arm_toolchain_install/gcc-arm-none-eabi-9-2020-q2-update/bin/../lib/gcc/arm-none-eabi/9.3.1/../../../../arm-none-eabi/lib/thumb/v7e-m+fp/hard/libg_nano.a(lib_a-exit.o) (_global_impure_ptr)
/home/hy/qorc-sdk/arm_toolchain_install/gcc-arm-none-eabi-9-2020-q2-update/bin/../lib/gcc/arm-none-eabi/9.3.1/../../../../arm-none-eabi/lib/thumb/v7e-m+fp/hard/libg_nano.a(lib_a-init.o)
                              /home/hy/qorc-sdk/arm_toolchain_install/gcc-arm-none-eabi-9-2020-q2-update/bin/../lib/gcc/arm-none-eabi/9.3.1/../../../../arm-none-eabi/lib/thumb/v7e-m+fp/hard/crt0.o (__libc_init_array)
/home/hy/qorc-sdk/arm_toolchain_install/gcc-arm-none-eabi-9-2020-q2-update/bin/../lib/gcc/arm-none-eabi/9.3.1/../../../../arm-none-eabi/lib/thumb/v7e-m+fp/hard/libg_nano.a(lib_a-malloc.o)
                              /home/hy/qorc-sdk/arm_examples/fpga-arm/m4/GCC_Project/output/circularBuffQueue.o (malloc)
/home/hy/qorc-sdk/arm_toolchain_install/gcc-arm-none-eabi-9-2020-q2-update/bin/../lib/gcc/arm-none-eabi/9.3.1/../../../../arm-none-eabi/lib/thumb/v7e-m+fp/hard/libg_nano.a(lib_a-memcpy-stub.o)
                              /home/hy/qorc-sdk/arm_examples/fpga-arm/m4/GCC_Project/output/cli_args.o (memcpy)
/home/hy/qorc-sdk/arm_toolchain_install/gcc-arm-none-eabi-9-2020-q2-update/bin/../lib/gcc/arm-none-eabi/9.3.1/../../../../arm-none-eabi/lib/thumb/v7e-m+fp/hard/libg_nano.a(lib_a-memset.o)
                              /home/hy/qorc-sdk/arm_toolchain_install/gcc-arm-none-eabi-9-2020-q2-update/bin/../lib/gcc/arm-none-eabi/9.3.1/../../../../arm-none-eabi/lib/thumb/v7e-m+fp/hard/crt0.o (memset)
[...]
Memory Configuration

Name             Origin             Length             Attributes
rom              0x0000000000000000 0x0000000000027000 xr
ram              0x0000000020027000 0x000000000003c800 xrw
spiram           0x0000000020063800 0x0000000000000800 rw
HWA              0x0000000020064000 0x0000000000018000 rw
shm              0x000000002007c000 0x0000000000004000
*default*        0x0000000000000000 0xffffffffffffffff

Linker script and memory map

LOAD /home/hy/qorc-sdk/arm_toolchain_install/gcc-arm-none-eabi-9-2020-q2-update/bin/../lib/gcc/arm-none-eabi/9.3.1/thumb/v7e-m+fp/hard/crti.o
LOAD /home/hy/qorc-sdk/arm_toolchain_install/gcc-arm-none-eabi-9-2020-q2-update/bin/../lib/gcc/arm-none-eabi/9.3.1/thumb/v7e-m+fp/hard/crtbegin.o
LOAD /home/hy/qorc-sdk/arm_toolchain_install/gcc-arm-none-eabi-9-2020-q2-update/bin/../lib/gcc/arm-none-eabi/9.3.1/../../../../arm-none-eabi/lib/thumb/v7e-m+fp/hard/crt0.o
LOAD /home/hy/qorc-sdk/arm_examples/fpga-arm/m4/GCC_Project/output/c_lib_retarget.o
LOAD /home/hy/qorc-sdk/arm_examples/fpga-arm/m4/GCC_Project/output/circularBuffQueue.o
LOAD /home/hy/qorc-sdk/arm_examples/fpga-arm/m4/GCC_Project/output/cli_args.o
LOAD /home/hy/qorc-sdk/arm_examples/fpga-arm/m4/GCC_Project/output/cli_hexdump.o
LOAD /home/hy/qorc-sdk/arm_examples/fpga-arm/m4/GCC_Project/output/cli_io.o
LOAD /home/hy/qorc-sdk/arm_examples/fpga-arm/m4/GCC_Project/output/cli_loop.o
LOAD /home/hy/qorc-sdk/arm_examples/fpga-arm/m4/GCC_Project/output/cli_misc.o
LOAD /home/hy/qorc-sdk/arm_examples/fpga-arm/m4/GCC_Project/output/cli_platform.o
LOAD /home/hy/qorc-sdk/arm_examples/fpga-arm/m4/GCC_Project/output/cli_stdcmds.o
LOAD /home/hy/qorc-sdk/arm_examples/fpga-arm/m4/GCC_Project/output/crc16.o
LOAD /home/hy/qorc-sdk/arm_examples/fpga-arm/m4/GCC_Project/output/crc32.o
LOAD /home/hy/qorc-sdk/arm_examples/fpga-arm/m4/GCC_Project/output/croutine.o
LOAD /home/hy/qorc-sdk/arm_examples/fpga-arm/m4/GCC_Project/output/dbg_bufferedprinttask.o
LOAD /home/hy/qorc-sdk/arm_examples/fpga-arm/m4/GCC_Project/output/dbg_queue_monitor.o
LOAD /home/hy/qorc-sdk/arm_examples/fpga-arm/m4/GCC_Project/output/dbg_uart.o
LOAD /home/hy/qorc-sdk/arm_examples/fpga-arm/m4/GCC_Project/output/dbgtrace.o
LOAD /home/hy/qorc-sdk/arm_examples/fpga-arm/m4/GCC_Project/output/eoss3_hal_adc.o
LOAD /home/hy/qorc-sdk/arm_examples/fpga-arm/m4/GCC_Project/output/eoss3_hal_gpio.o
LOAD /home/hy/qorc-sdk/arm_examples/fpga-arm/m4/GCC_Project/output/eoss3_hal_i2c.o
LOAD /home/hy/qorc-sdk/arm_examples/fpga-arm/m4/GCC_Project/output/eoss3_hal_i2s.o
LOAD /home/hy/qorc-sdk/arm_examples/fpga-arm/m4/GCC_Project/output/eoss3_hal_i2s_slave_assp.o
LOAD /home/hy/qorc-sdk/arm_examples/fpga-arm/m4/GCC_Project/output/eoss3_hal_pad_config.o
LOAD /home/hy/qorc-sdk/arm_examples/fpga-arm/m4/GCC_Project/output/eoss3_hal_pkfb.o
LOAD /home/hy/qorc-sdk/arm_examples/fpga-arm/m4/GCC_Project/output/eoss3_hal_rtc.o
LOAD /home/hy/qorc-sdk/arm_examples/fpga-arm/m4/GCC_Project/output/eoss3_hal_sdma.o
LOAD /home/hy/qorc-sdk/arm_examples/fpga-arm/m4/GCC_Project/output/eoss3_hal_spi.o
LOAD /home/hy/qorc-sdk/arm_examples/fpga-arm/m4/GCC_Project/output/eoss3_hal_timer.o
LOAD /home/hy/qorc-sdk/arm_examples/fpga-arm/m4/GCC_Project/output/eoss3_hal_uart.o
LOAD /home/hy/qorc-sdk/arm_examples/fpga-arm/m4/GCC_Project/output/eoss3_hal_wb.o
LOAD /home/hy/qorc-sdk/arm_examples/fpga-arm/m4/GCC_Project/output/eoss3_hal_wdt.o
LOAD /home/hy/qorc-sdk/arm_examples/fpga-arm/m4/GCC_Project/output/event_groups.o
LOAD /home/hy/qorc-sdk/arm_examples/fpga-arm/m4/GCC_Project/output/exceptions.o
LOAD /home/hy/qorc-sdk/arm_examples/fpga-arm/m4/GCC_Project/output/freertos_static_memory.o
LOAD /home/hy/qorc-sdk/arm_examples/fpga-arm/m4/GCC_Project/output/heap_4.o
LOAD /home/hy/qorc-sdk/arm_examples/fpga-arm/m4/GCC_Project/output/hearable_pwrcfg.o
LOAD /home/hy/qorc-sdk/arm_examples/fpga-arm/m4/GCC_Project/output/leds.o
LOAD /home/hy/qorc-sdk/arm_examples/fpga-arm/m4/GCC_Project/output/list.o
LOAD /home/hy/qorc-sdk/arm_examples/fpga-arm/m4/GCC_Project/output/main.o
LOAD /home/hy/qorc-sdk/arm_examples/fpga-arm/m4/GCC_Project/output/main_dbg_cli_menu.o
LOAD /home/hy/qorc-sdk/arm_examples/fpga-arm/m4/GCC_Project/output/pincfg_table.o
LOAD /home/hy/qorc-sdk/arm_examples/fpga-arm/m4/GCC_Project/output/port.o
LOAD /home/hy/qorc-sdk/arm_examples/fpga-arm/m4/GCC_Project/output/qf_baremetalsetup.o
LOAD /home/hy/qorc-sdk/arm_examples/fpga-arm/m4/GCC_Project/output/qf_hardwaresetup.o
LOAD /home/hy/qorc-sdk/arm_examples/fpga-arm/m4/GCC_Project/output/ql_base64.o
LOAD /home/hy/qorc-sdk/arm_examples/fpga-arm/m4/GCC_Project/output/ql_stackwatermark.o
LOAD /home/hy/qorc-sdk/arm_examples/fpga-arm/m4/GCC_Project/output/ql_test_signals.o
LOAD /home/hy/qorc-sdk/arm_examples/fpga-arm/m4/GCC_Project/output/ql_time.o
LOAD /home/hy/qorc-sdk/arm_examples/fpga-arm/m4/GCC_Project/output/queue.o
LOAD /home/hy/qorc-sdk/arm_examples/fpga-arm/m4/GCC_Project/output/s3x_clock.o
LOAD /home/hy/qorc-sdk/arm_examples/fpga-arm/m4/GCC_Project/output/s3x_clock_hal.o
LOAD /home/hy/qorc-sdk/arm_examples/fpga-arm/m4/GCC_Project/output/s3x_cpuload.o
LOAD /home/hy/qorc-sdk/arm_examples/fpga-arm/m4/GCC_Project/output/s3x_dfs.o
LOAD /home/hy/qorc-sdk/arm_examples/fpga-arm/m4/GCC_Project/output/s3x_lpm.o
LOAD /home/hy/qorc-sdk/arm_examples/fpga-arm/m4/GCC_Project/output/s3x_pi.o
LOAD /home/hy/qorc-sdk/arm_examples/fpga-arm/m4/GCC_Project/output/s3x_pwrcfg.o
LOAD /home/hy/qorc-sdk/arm_examples/fpga-arm/m4/GCC_Project/output/s3x_qos.o
LOAD /home/hy/qorc-sdk/arm_examples/fpga-arm/m4/GCC_Project/output/sec_debug.o
LOAD /home/hy/qorc-sdk/arm_examples/fpga-arm/m4/GCC_Project/output/spi_flash.o
LOAD /home/hy/qorc-sdk/arm_examples/fpga-arm/m4/GCC_Project/output/startup_EOSS3B_GCC.o
LOAD /home/hy/qorc-sdk/arm_examples/fpga-arm/m4/GCC_Project/output/stream_buffer.o
LOAD /home/hy/qorc-sdk/arm_examples/fpga-arm/m4/GCC_Project/output/tasks.o
LOAD /home/hy/qorc-sdk/arm_examples/fpga-arm/m4/GCC_Project/output/timers.o
LOAD /home/hy/qorc-sdk/arm_examples/fpga-arm/m4/GCC_Project/output/vectors_CM4F_gcc.o
LOAD /home/hy/qorc-sdk/arm_examples/fpga-arm/m4/GCC_Project/output/watchdog.o
LOAD /home/hy/qorc-sdk/arm_toolchain_install/gcc-arm-none-eabi-9-2020-q2-update/bin/../lib/gcc/arm-none-eabi/9.3.1/../../../../arm-none-eabi/lib/thumb/v7e-m+fp/hard/libm.a
LOAD /home/hy/pygmy-dev/pygmy-sdk/Libraries/CMSIS/lib/GCC/libarm_cortexM4lf_math.a
START GROUP
LOAD /home/hy/qorc-sdk/arm_toolchain_install/gcc-arm-none-eabi-9-2020-q2-update/bin/../lib/gcc/arm-none-eabi/9.3.1/thumb/v7e-m+fp/hard/libgcc.a
LOAD /home/hy/qorc-sdk/arm_toolchain_install/gcc-arm-none-eabi-9-2020-q2-update/bin/../lib/gcc/arm-none-eabi/9.3.1/../../../../arm-none-eabi/lib/thumb/v7e-m+fp/hard/libg_nano.a
LOAD /home/hy/qorc-sdk/arm_toolchain_install/gcc-arm-none-eabi-9-2020-q2-update/bin/../lib/gcc/arm-none-eabi/9.3.1/../../../../arm-none-eabi/lib/thumb/v7e-m+fp/hard/libc_nano.a
END GROUP
START GROUP
LOAD /home/hy/qorc-sdk/arm_toolchain_install/gcc-arm-none-eabi-9-2020-q2-update/bin/../lib/gcc/arm-none-eabi/9.3.1/thumb/v7e-m+fp/hard/libgcc.a
LOAD /home/hy/qorc-sdk/arm_toolchain_install/gcc-arm-none-eabi-9-2020-q2-update/bin/../lib/gcc/arm-none-eabi/9.3.1/../../../../arm-none-eabi/lib/thumb/v7e-m+fp/hard/libc_nano.a
LOAD /home/hy/qorc-sdk/arm_toolchain_install/gcc-arm-none-eabi-9-2020-q2-update/bin/../lib/gcc/arm-none-eabi/9.3.1/../../../../arm-none-eabi/lib/thumb/v7e-m+fp/hard/libnosys.a
END GROUP
START GROUP
LOAD /home/hy/qorc-sdk/arm_toolchain_install/gcc-arm-none-eabi-9-2020-q2-update/bin/../lib/gcc/arm-none-eabi/9.3.1/thumb/v7e-m+fp/hard/libgcc.a
LOAD /home/hy/qorc-sdk/arm_toolchain_install/gcc-arm-none-eabi-9-2020-q2-update/bin/../lib/gcc/arm-none-eabi/9.3.1/../../../../arm-none-eabi/lib/thumb/v7e-m+fp/hard/libc_nano.a
LOAD /home/hy/qorc-sdk/arm_toolchain_install/gcc-arm-none-eabi-9-2020-q2-update/bin/../lib/gcc/arm-none-eabi/9.3.1/../../../../arm-none-eabi/lib/thumb/v7e-m+fp/hard/libnosys.a
END GROUP
LOAD /home/hy/qorc-sdk/arm_toolchain_install/gcc-arm-none-eabi-9-2020-q2-update/bin/../lib/gcc/arm-none-eabi/9.3.1/thumb/v7e-m+fp/hard/crtend.o
LOAD /home/hy/qorc-sdk/arm_toolchain_install/gcc-arm-none-eabi-9-2020-q2-update/bin/../lib/gcc/arm-none-eabi/9.3.1/thumb/v7e-m+fp/hard/crtn.o

.text           0x0000000000000000     0x5bd7
 *(.isr_vector)
 .isr_vector    0x0000000000000000      0x124 /home/hy/qorc-sdk/arm_examples/fpga-arm/m4/GCC_Project/output/vectors_CM4F_gcc.o
                0x0000000000000000                __Vectors
 *(.text*)
 .text          0x0000000000000124       0x40 /home/hy/qorc-sdk/arm_toolchain_install/gcc-arm-none-eabi-9-2020-q2-update/bin/../lib/gcc/arm-none-eabi/9.3.1/thumb/v7e-m+fp/hard/crtbegin.o
 .text          0x0000000000000164       0x7c /home/hy/qorc-sdk/arm_toolchain_install/gcc-arm-none-eabi-9-2020-q2-update/bin/../lib/gcc/arm-none-eabi/9.3.1/../../../../arm-none-eabi/lib/thumb/v7e-m+fp/hard/crt0.o
                0x0000000000000164                _stack_init
                0x000000000000016c                _mainCRTStartup
                0x000000000000016c                _start
 .text._write   0x00000000000001e0        0xe /home/hy/qorc-sdk/arm_examples/fpga-arm/m4/GCC_Project/output/c_lib_retarget.o
                0x00000000000001e0                _write
 .text._close   0x00000000000001ee        0x6 /home/hy/qorc-sdk/arm_examples/fpga-arm/m4/GCC_Project/output/c_lib_retarget.o
                0x00000000000001ee                _close
 .text._lseek   0x00000000000001f4        0x4 /home/hy/qorc-sdk/arm_examples/fpga-arm/m4/GCC_Project/output/c_lib_retarget.o
                0x00000000000001f4                _lseek
 .text._read    0x00000000000001f8        0x4 /home/hy/qorc-sdk/arm_examples/fpga-arm/m4/GCC_Project/output/c_lib_retarget.o
                0x00000000000001f8                _read
 .text.__debug_lockup
                0x00000000000001fc       0x14 /home/hy/qorc-sdk/arm_examples/fpga-arm/m4/GCC_Project/output/dbg_uart.o
 .text._semihost_write
                0x0000000000000210       0x54 /home/hy/qorc-sdk/arm_examples/fpga-arm/m4/GCC_Project/output/dbg_uart.o
                0x0000000000000210                _semihost_write
 .text.dbg_ch_raw
                0x0000000000000264       0x74 /home/hy/qorc-sdk/arm_examples/fpga-arm/m4/GCC_Project/output/dbg_uart.o
                0x0000000000000264                dbg_ch_raw
 .text.dbg_nl   0x00000000000002d8       0x12 /home/hy/qorc-sdk/arm_examples/fpga-arm/m4/GCC_Project/output/dbg_uart.o
                0x00000000000002d8                dbg_nl
 .text.dbg_ch   0x00000000000002ea        0xc /home/hy/qorc-sdk/arm_examples/fpga-arm/m4/GCC_Project/output/dbg_uart.o
                0x00000000000002ea                dbg_ch
 .text.dbg_hex4
                0x00000000000002f6       0x14 /home/hy/qorc-sdk/arm_examples/fpga-arm/m4/GCC_Project/output/dbg_uart.o
 .text.dbg_hex8
                0x000000000000030a       0x14 /home/hy/qorc-sdk/arm_examples/fpga-arm/m4/GCC_Project/output/dbg_uart.o
                0x000000000000030a                dbg_hex8
 .text.dbg_hex16
                0x000000000000031e       0x14 /home/hy/qorc-sdk/arm_examples/fpga-arm/m4/GCC_Project/output/dbg_uart.o
                0x000000000000031e                dbg_hex16
 .text.dbg_hex32
                0x0000000000000332       0x14 /home/hy/qorc-sdk/arm_examples/fpga-arm/m4/GCC_Project/output/dbg_uart.o
                0x0000000000000332                dbg_hex32
 .text._dbg_int
                0x0000000000000346       0x20 /home/hy/qorc-sdk/arm_examples/fpga-arm/m4/GCC_Project/output/dbg_uart.o
 .text.dbg_memdumpx
                0x0000000000000366       0xea /home/hy/qorc-sdk/arm_examples/fpga-arm/m4/GCC_Project/output/dbg_uart.o
 .text.dbg_str  0x0000000000000450       0x84 /home/hy/qorc-sdk/arm_examples/fpga-arm/m4/GCC_Project/output/dbg_uart.o
                0x0000000000000450                dbg_str
 .text._dbg_str_xxx
                0x00000000000004d4       0x16 /home/hy/qorc-sdk/arm_examples/fpga-arm/m4/GCC_Project/output/dbg_uart.o
 .text.dbg_str_hexXX
                0x00000000000004ea       0x22 /home/hy/qorc-sdk/arm_examples/fpga-arm/m4/GCC_Project/output/dbg_uart.o
 .text.dbg_int  0x000000000000050c       0x24 /home/hy/qorc-sdk/arm_examples/fpga-arm/m4/GCC_Project/output/dbg_uart.o
                0x000000000000050c                dbg_int
 .text.dbg_str_str
                0x0000000000000530       0x16 /home/hy/qorc-sdk/arm_examples/fpga-arm/m4/GCC_Project/output/dbg_uart.o
                0x0000000000000530                dbg_str_str
 .text.dbg_str_int
                0x0000000000000546       0x16 /home/hy/qorc-sdk/arm_examples/fpga-arm/m4/GCC_Project/output/dbg_uart.o
                0x0000000000000546                dbg_str_int
 .text.dbg_str_hex32
                0x000000000000055c        0xc /home/hy/qorc-sdk/arm_examples/fpga-arm/m4/GCC_Project/output/dbg_uart.o
                0x000000000000055c                dbg_str_hex32
 .text.dbg_fatal_error
                0x0000000000000568       0x12 /home/hy/qorc-sdk/arm_examples/fpga-arm/m4/GCC_Project/output/dbg_uart.o
                0x0000000000000568                dbg_fatal_error
 .text.dbg_fatal_error_int
                0x000000000000057a        0xe /home/hy/qorc-sdk/arm_examples/fpga-arm/m4/GCC_Project/output/dbg_uart.o
                0x000000000000057a                dbg_fatal_error_int
 .text.dbg_memdump32
                0x0000000000000588       0x1e /home/hy/qorc-sdk/arm_examples/fpga-arm/m4/GCC_Project/output/dbg_uart.o
                0x0000000000000588                dbg_memdump32
 *fill*         0x00000000000005a6        0x2 
 .text.HAL_GPIO_Write
                0x00000000000005a8       0x28 /home/hy/qorc-sdk/arm_examples/fpga-arm/m4/GCC_Project/output/eoss3_hal_gpio.o
                0x00000000000005a8                HAL_GPIO_Write
 .text.HAL_PAD_Config
                0x00000000000005d0      0x190 /home/hy/qorc-sdk/arm_examples/fpga-arm/m4/GCC_Project/output/eoss3_hal_pad_config.o
                0x00000000000005d0                HAL_PAD_Config
 .text.configure_s3_pads
                0x0000000000000760       0x1a /home/hy/qorc-sdk/arm_examples/fpga-arm/m4/GCC_Project/output/eoss3_hal_pad_config.o
                0x0000000000000760                configure_s3_pads
 *fill*         0x000000000000077a        0x2 
 .text.eoss3_rtc_enable_irq
                0x000000000000077c       0x28 /home/hy/qorc-sdk/arm_examples/fpga-arm/m4/GCC_Project/output/eoss3_hal_rtc.o
 .text.write_rtc_reg
                0x00000000000007a4       0x18 /home/hy/qorc-sdk/arm_examples/fpga-arm/m4/GCC_Project/output/eoss3_hal_rtc.o
 .text.__rtc_setup_alarm.isra.0
                0x00000000000007bc       0x44 /home/hy/qorc-sdk/arm_examples/fpga-arm/m4/GCC_Project/output/eoss3_hal_rtc.o
 .text.HAL_RTC_ISR
                0x0000000000000800       0x24 /home/hy/qorc-sdk/arm_examples/fpga-arm/m4/GCC_Project/output/eoss3_hal_rtc.o
                0x0000000000000800                HAL_RTC_ISR
 .text.unlock_spi1_bus
                0x0000000000000824       0x58 /home/hy/qorc-sdk/arm_examples/fpga-arm/m4/GCC_Project/output/eoss3_hal_spi.o
                0x0000000000000824                unlock_spi1_bus
 .text.SPI_DMA_Complete
                0x000000000000087c       0x88 /home/hy/qorc-sdk/arm_examples/fpga-arm/m4/GCC_Project/output/eoss3_hal_spi.o
                0x000000000000087c                SPI_DMA_Complete
 .text.HAL_SPI_IRQHandler
                0x0000000000000904       0x6c /home/hy/qorc-sdk/arm_examples/fpga-arm/m4/GCC_Project/output/eoss3_hal_spi.o
                0x0000000000000904                HAL_SPI_IRQHandler
 .text.HAL_Delay_Init
                0x0000000000000970       0x54 /home/hy/qorc-sdk/arm_examples/fpga-arm/m4/GCC_Project/output/eoss3_hal_timer.o
                0x0000000000000970                HAL_Delay_Init
 .text.HAL_DelayUSec
                0x00000000000009c4       0x28 /home/hy/qorc-sdk/arm_examples/fpga-arm/m4/GCC_Project/output/eoss3_hal_timer.o
                0x00000000000009c4                HAL_DelayUSec
 .text.HAL_Timer_ISR
                0x00000000000009ec       0x88 /home/hy/qorc-sdk/arm_examples/fpga-arm/m4/GCC_Project/output/eoss3_hal_timer.o
                0x00000000000009ec                HAL_Timer_ISR
 .text.uart_baud_rate
                0x0000000000000a74       0x60 /home/hy/qorc-sdk/arm_examples/fpga-arm/m4/GCC_Project/output/eoss3_hal_uart.o
 .text.is_hw_uart_enabled
                0x0000000000000ad4       0x20 /home/hy/qorc-sdk/arm_examples/fpga-arm/m4/GCC_Project/output/eoss3_hal_uart.o
 .text.uart_disable
                0x0000000000000af4       0x1c /home/hy/qorc-sdk/arm_examples/fpga-arm/m4/GCC_Project/output/eoss3_hal_uart.o
 .text.uart_lpm_callback
                0x0000000000000b10       0x70 /home/hy/qorc-sdk/arm_examples/fpga-arm/m4/GCC_Project/output/eoss3_hal_uart.o
 .text.uart_init
                0x0000000000000b80      0x168 /home/hy/qorc-sdk/arm_examples/fpga-arm/m4/GCC_Project/output/eoss3_hal_uart.o
                0x0000000000000b80                uart_init
 .text.uart_isr_handler
                0x0000000000000ce8       0x84 /home/hy/qorc-sdk/arm_examples/fpga-arm/m4/GCC_Project/output/eoss3_hal_uart.o
                0x0000000000000ce8                uart_isr_handler
 .text.uart_tx_raw
                0x0000000000000d6c       0x38 /home/hy/qorc-sdk/arm_examples/fpga-arm/m4/GCC_Project/output/eoss3_hal_uart.o
                0x0000000000000d6c                uart_tx_raw
 .text.uart_tx  0x0000000000000da4       0x1c /home/hy/qorc-sdk/arm_examples/fpga-arm/m4/GCC_Project/output/eoss3_hal_uart.o
                0x0000000000000da4                uart_tx
 .text.uart_tx_buf
                0x0000000000000dc0       0x1a /home/hy/qorc-sdk/arm_examples/fpga-arm/m4/GCC_Project/output/eoss3_hal_uart.o
                0x0000000000000dc0                uart_tx_buf
 *fill*         0x0000000000000dda        0x2 
 .text.WDT_ISR  0x0000000000000ddc       0x8c /home/hy/qorc-sdk/arm_examples/fpga-arm/m4/GCC_Project/output/eoss3_hal_wdt.o
                0x0000000000000ddc                WDT_ISR
 .text.spurious_interrupt
                0x0000000000000e68        0xc /home/hy/qorc-sdk/arm_examples/fpga-arm/m4/GCC_Project/output/exceptions.o
 .text.prvGetRegistersFromStack
                0x0000000000000e74       0xf0 /home/hy/qorc-sdk/arm_examples/fpga-arm/m4/GCC_Project/output/exceptions.o
                0x0000000000000e74                prvGetRegistersFromStack
 .text.HardFault_Handler
                0x0000000000000f64       0x16 /home/hy/qorc-sdk/arm_examples/fpga-arm/m4/GCC_Project/output/exceptions.o
                0x0000000000000f64                HardFault_Handler
 .text.NMI_Handler
                0x0000000000000f7a        0x6 /home/hy/qorc-sdk/arm_examples/fpga-arm/m4/GCC_Project/output/exceptions.o
                0x0000000000000f7a                NMI_Handler
 .text.MemManage_Handler
                0x0000000000000f80        0x6 /home/hy/qorc-sdk/arm_examples/fpga-arm/m4/GCC_Project/output/exceptions.o
                0x0000000000000f80                MemManage_Handler
 .text.BusFault_Handler
                0x0000000000000f86        0x6 /home/hy/qorc-sdk/arm_examples/fpga-arm/m4/GCC_Project/output/exceptions.o
                0x0000000000000f86                BusFault_Handler
 .text.UsageFault_Handler
                0x0000000000000f8c        0x6 /home/hy/qorc-sdk/arm_examples/fpga-arm/m4/GCC_Project/output/exceptions.o
                0x0000000000000f8c                UsageFault_Handler
 .text.DebugMon_Handler
                0x0000000000000f92        0x6 /home/hy/qorc-sdk/arm_examples/fpga-arm/m4/GCC_Project/output/exceptions.o
                0x0000000000000f92                DebugMon_Handler
 .text.Uart_Handler
                0x0000000000000f98       0x50 /home/hy/qorc-sdk/arm_examples/fpga-arm/m4/GCC_Project/output/exceptions.o
                0x0000000000000f98                Uart_Handler
 .text.Timer_Handler
                0x0000000000000fe8       0x24 /home/hy/qorc-sdk/arm_examples/fpga-arm/m4/GCC_Project/output/exceptions.o
                0x0000000000000fe8                Timer_Handler
 .text.CpuWdtInt_Handler
                0x000000000000100c       0x24 /home/hy/qorc-sdk/arm_examples/fpga-arm/m4/GCC_Project/output/exceptions.o
                0x000000000000100c                CpuWdtInt_Handler
 .text.CpuWdtRst_Handler
                0x0000000000001030        0x6 /home/hy/qorc-sdk/arm_examples/fpga-arm/m4/GCC_Project/output/exceptions.o
                0x0000000000001030                CpuWdtRst_Handler
 .text.BusTimeout_Handler
                0x0000000000001036        0x6 /home/hy/qorc-sdk/arm_examples/fpga-arm/m4/GCC_Project/output/exceptions.o
                0x0000000000001036                BusTimeout_Handler
 .text.Fpu_Handler
                0x000000000000103c        0x6 /home/hy/qorc-sdk/arm_examples/fpga-arm/m4/GCC_Project/output/exceptions.o
                0x000000000000103c                Fpu_Handler
 *fill*         0x0000000000001042        0x2 
 .text.Pkfb_Handler
                0x0000000000001044       0x10 /home/hy/qorc-sdk/arm_examples/fpga-arm/m4/GCC_Project/output/exceptions.o
                0x0000000000001044                Pkfb_Handler
 .text.I2s_Handler
                0x0000000000001054        0x6 /home/hy/qorc-sdk/arm_examples/fpga-arm/m4/GCC_Project/output/exceptions.o
                0x0000000000001054                I2s_Handler
 .text.Audio_Handler
                0x000000000000105a        0x6 /home/hy/qorc-sdk/arm_examples/fpga-arm/m4/GCC_Project/output/exceptions.o
                0x000000000000105a                Audio_Handler
 .text.SpiMs_Handler
                0x0000000000001060       0x5c /home/hy/qorc-sdk/arm_examples/fpga-arm/m4/GCC_Project/output/exceptions.o
                0x0000000000001060                SpiMs_Handler
 .text.CfgDma_Handler
                0x00000000000010bc       0x28 /home/hy/qorc-sdk/arm_examples/fpga-arm/m4/GCC_Project/output/exceptions.o
                0x00000000000010bc                CfgDma_Handler
 .text.PmuTimer_Handler
                0x00000000000010e4        0x2 /home/hy/qorc-sdk/arm_examples/fpga-arm/m4/GCC_Project/output/exceptions.o
                0x00000000000010e4                PmuTimer_Handler
 .text.AdcDone_Handler
                0x00000000000010e6        0x8 /home/hy/qorc-sdk/arm_examples/fpga-arm/m4/GCC_Project/output/exceptions.o
                0x00000000000010e6                AdcDone_Handler
 *fill*         0x00000000000010ee        0x2 
 .text.RtcAlarm_Handler
                0x00000000000010f0       0x1c /home/hy/qorc-sdk/arm_examples/fpga-arm/m4/GCC_Project/output/exceptions.o
                0x00000000000010f0                RtcAlarm_Handler
 .text.ResetInt_Handler
                0x000000000000110c        0x8 /home/hy/qorc-sdk/arm_examples/fpga-arm/m4/GCC_Project/output/exceptions.o
                0x000000000000110c                ResetInt_Handler
 .text.Ffe0_Handler
                0x0000000000001114       0x18 /home/hy/qorc-sdk/arm_examples/fpga-arm/m4/GCC_Project/output/exceptions.o
                0x0000000000001114                Ffe0_Handler
 .text.FbMsg_Handler
                0x000000000000112c       0x6c /home/hy/qorc-sdk/arm_examples/fpga-arm/m4/GCC_Project/output/exceptions.o
                0x000000000000112c                FbMsg_Handler
 .text.SensorGpio_Handler
                0x0000000000001198        0x8 /home/hy/qorc-sdk/arm_examples/fpga-arm/m4/GCC_Project/output/exceptions.o
                0x0000000000001198                SensorGpio_Handler
 .text.M4SramSleep_Handler
                0x00000000000011a0        0x8 /home/hy/qorc-sdk/arm_examples/fpga-arm/m4/GCC_Project/output/exceptions.o
                0x00000000000011a0                M4SramSleep_Handler
 .text.LDO30_PG_Handler
                0x00000000000011a8        0x8 /home/hy/qorc-sdk/arm_examples/fpga-arm/m4/GCC_Project/output/exceptions.o
                0x00000000000011a8                LDO30_PG_Handler
 .text.LDO50_PG_Handler
                0x00000000000011b0        0x8 /home/hy/qorc-sdk/arm_examples/fpga-arm/m4/GCC_Project/output/exceptions.o
                0x00000000000011b0                LDO50_PG_Handler
 .text.DMIC_Voice_Det_Handler
                0x00000000000011b8        0x8 /home/hy/qorc-sdk/arm_examples/fpga-arm/m4/GCC_Project/output/exceptions.o
                0x00000000000011b8                DMIC_Voice_Det_Handler
 .text.ApPDMClkOn_Handler
                0x00000000000011c0        0x8 /home/hy/qorc-sdk/arm_examples/fpga-arm/m4/GCC_Project/output/exceptions.o
                0x00000000000011c0                ApPDMClkOn_Handler
 .text.ApPDMClkOff_Handler
                0x00000000000011c8        0x8 /home/hy/qorc-sdk/arm_examples/fpga-arm/m4/GCC_Project/output/exceptions.o
                0x00000000000011c8                ApPDMClkOff_Handler
 .text.Dmac0BlkDone_Handler
                0x00000000000011d0        0x8 /home/hy/qorc-sdk/arm_examples/fpga-arm/m4/GCC_Project/output/exceptions.o
                0x00000000000011d0                Dmac0BlkDone_Handler
 .text.Dmac0BufDone_Handler
                0x00000000000011d8        0x8 /home/hy/qorc-sdk/arm_examples/fpga-arm/m4/GCC_Project/output/exceptions.o
                0x00000000000011d8                Dmac0BufDone_Handler
 .text.Dmac1BlkDone_Handler
                0x00000000000011e0        0x8 /home/hy/qorc-sdk/arm_examples/fpga-arm/m4/GCC_Project/output/exceptions.o
                0x00000000000011e0                Dmac1BlkDone_Handler
 .text.Dmac1BufDone_Handler
                0x00000000000011e8        0x8 /home/hy/qorc-sdk/arm_examples/fpga-arm/m4/GCC_Project/output/exceptions.o
                0x00000000000011e8                Dmac1BufDone_Handler
 .text.Sdma0Done_Handler
                0x00000000000011f0        0x8 /home/hy/qorc-sdk/arm_examples/fpga-arm/m4/GCC_Project/output/exceptions.o
                0x00000000000011f0                Sdma0Done_Handler
 .text.Sdma1Done_Handler
                0x00000000000011f8        0x8 /home/hy/qorc-sdk/arm_examples/fpga-arm/m4/GCC_Project/output/exceptions.o
                0x00000000000011f8                Sdma1Done_Handler
 .text.Sdma2Done_Handler
                0x0000000000001200        0x8 /home/hy/qorc-sdk/arm_examples/fpga-arm/m4/GCC_Project/output/exceptions.o
                0x0000000000001200                Sdma2Done_Handler
 .text.Sdma3Done_Handler
                0x0000000000001208        0x8 /home/hy/qorc-sdk/arm_examples/fpga-arm/m4/GCC_Project/output/exceptions.o
                0x0000000000001208                Sdma3Done_Handler
 .text.Sdma4Done_Handler
                0x0000000000001210        0x8 /home/hy/qorc-sdk/arm_examples/fpga-arm/m4/GCC_Project/output/exceptions.o
                0x0000000000001210                Sdma4Done_Handler
 .text.Sdma5Done_Handler
                0x0000000000001218        0x8 /home/hy/qorc-sdk/arm_examples/fpga-arm/m4/GCC_Project/output/exceptions.o
                0x0000000000001218                Sdma5Done_Handler
 .text.Sdma6Done_Handler
                0x0000000000001220        0x8 /home/hy/qorc-sdk/arm_examples/fpga-arm/m4/GCC_Project/output/exceptions.o
                0x0000000000001220                Sdma6Done_Handler
 .text.Sdma7Done_Handler
                0x0000000000001228        0x8 /home/hy/qorc-sdk/arm_examples/fpga-arm/m4/GCC_Project/output/exceptions.o
                0x0000000000001228                Sdma7Done_Handler
 .text.Sdma8Done_Handler
                0x0000000000001230        0x8 /home/hy/qorc-sdk/arm_examples/fpga-arm/m4/GCC_Project/output/exceptions.o
                0x0000000000001230                Sdma8Done_Handler
 .text.Sdma9Done_Handler
                0x0000000000001238        0x8 /home/hy/qorc-sdk/arm_examples/fpga-arm/m4/GCC_Project/output/exceptions.o
                0x0000000000001238                Sdma9Done_Handler
 .text.Sdma10Done_Handler
                0x0000000000001240        0x8 /home/hy/qorc-sdk/arm_examples/fpga-arm/m4/GCC_Project/output/exceptions.o
                0x0000000000001240                Sdma10Done_Handler
 .text.Sdma11Done_Handler
                0x0000000000001248        0x8 /home/hy/qorc-sdk/arm_examples/fpga-arm/m4/GCC_Project/output/exceptions.o
                0x0000000000001248                Sdma11Done_Handler
 .text.SdmaErr_Handler
                0x0000000000001250        0x8 /home/hy/qorc-sdk/arm_examples/fpga-arm/m4/GCC_Project/output/exceptions.o
                0x0000000000001250                SdmaErr_Handler
 .text.I2S_SlvM4TxOr_Handler
                0x0000000000001258        0x8 /home/hy/qorc-sdk/arm_examples/fpga-arm/m4/GCC_Project/output/exceptions.o
                0x0000000000001258                I2S_SlvM4TxOr_Handler
 .text.SRAM_128KB_Handler
                0x0000000000001260        0x8 /home/hy/qorc-sdk/arm_examples/fpga-arm/m4/GCC_Project/output/exceptions.o
                0x0000000000001260                SRAM_128KB_Handler
 .text.LPSD_Voice_Det_Handler
                0x0000000000001268        0x8 /home/hy/qorc-sdk/arm_examples/fpga-arm/m4/GCC_Project/output/exceptions.o
                0x0000000000001268                LPSD_Voice_Det_Handler
 .text.FfeWdt_Handler
                0x0000000000001270        0x8 /home/hy/qorc-sdk/arm_examples/fpga-arm/m4/GCC_Project/output/exceptions.o
                0x0000000000001270                FfeWdt_Handler
 .text.ApBoot_Handler
                0x0000000000001278        0x8 /home/hy/qorc-sdk/arm_examples/fpga-arm/m4/GCC_Project/output/exceptions.o
                0x0000000000001278                ApBoot_Handler
 .text.SwInt2_Handler
                0x0000000000001280        0x8 /home/hy/qorc-sdk/arm_examples/fpga-arm/m4/GCC_Project/output/exceptions.o
                0x0000000000001280                SwInt2_Handler
 .text.SwInt1_Handler
                0x0000000000001288       0x24 /home/hy/qorc-sdk/arm_examples/fpga-arm/m4/GCC_Project/output/exceptions.o
                0x0000000000001288                SwInt1_Handler
 .text.Ffe0Msg_Handler
                0x00000000000012ac        0x8 /home/hy/qorc-sdk/arm_examples/fpga-arm/m4/GCC_Project/output/exceptions.o
                0x00000000000012ac                Ffe0Msg_Handler
 .text.lpsdVoiceOffHandler
                0x00000000000012b4        0x8 /home/hy/qorc-sdk/arm_examples/fpga-arm/m4/GCC_Project/output/exceptions.o
                0x00000000000012b4                lpsdVoiceOffHandler
 .text.dmicVoiceOffHandler
                0x00000000000012bc        0x8 /home/hy/qorc-sdk/arm_examples/fpga-arm/m4/GCC_Project/output/exceptions.o
                0x00000000000012bc                dmicVoiceOffHandler
 .text.vApplicationMallocFailedHook
                0x00000000000012c4       0x24 /home/hy/qorc-sdk/arm_examples/fpga-arm/m4/GCC_Project/output/exceptions.o
                0x00000000000012c4                vApplicationMallocFailedHook
 .text.vApplicationStackOverflowHook
                0x00000000000012e8       0x24 /home/hy/qorc-sdk/arm_examples/fpga-arm/m4/GCC_Project/output/exceptions.o
                0x00000000000012e8                vApplicationStackOverflowHook
 .text.vApplicationTickHook
                0x000000000000130c        0x2 /home/hy/qorc-sdk/arm_examples/fpga-arm/m4/GCC_Project/output/exceptions.o
                0x000000000000130c                vApplicationTickHook
 *fill*         0x000000000000130e        0x2 
 .text.prvInsertBlockIntoFreeList
                0x0000000000001310       0x74 /home/hy/qorc-sdk/arm_examples/fpga-arm/m4/GCC_Project/output/heap_4.o
 .text.pvPortMalloc
                0x0000000000001384      0x198 /home/hy/qorc-sdk/arm_examples/fpga-arm/m4/GCC_Project/output/heap_4.o
                0x0000000000001384                pvPortMalloc
 .text.vListInitialise
                0x000000000000151c       0x16 /home/hy/qorc-sdk/arm_examples/fpga-arm/m4/GCC_Project/output/list.o
                0x000000000000151c                vListInitialise
 .text.vListInitialiseItem
                0x0000000000001532        0x6 /home/hy/qorc-sdk/arm_examples/fpga-arm/m4/GCC_Project/output/list.o
                0x0000000000001532                vListInitialiseItem
 .text.vListInsertEnd
                0x0000000000001538       0x18 /home/hy/qorc-sdk/arm_examples/fpga-arm/m4/GCC_Project/output/list.o
                0x0000000000001538                vListInsertEnd
 .text.vListInsert
                0x0000000000001550       0x2e /home/hy/qorc-sdk/arm_examples/fpga-arm/m4/GCC_Project/output/list.o
                0x0000000000001550                vListInsert
 .text.uxListRemove
                0x000000000000157e       0x20 /home/hy/qorc-sdk/arm_examples/fpga-arm/m4/GCC_Project/output/list.o
                0x000000000000157e                uxListRemove
 .text.SystemInit
                0x000000000000159e        0x2 /home/hy/qorc-sdk/arm_examples/fpga-arm/m4/GCC_Project/output/main.o
                0x000000000000159e                SystemInit
 .text.PyHal_GPIO_Set
                0x00000000000015a0       0x34 /home/hy/qorc-sdk/arm_examples/fpga-arm/m4/GCC_Project/output/main.o
                0x00000000000015a0                PyHal_GPIO_Set
 .text.sevenseg
                0x00000000000015d4       0x50 /home/hy/qorc-sdk/arm_examples/fpga-arm/m4/GCC_Project/output/main.o
                0x00000000000015d4                sevenseg
 .text.sevenseg_setup
                0x0000000000001624       0x14 /home/hy/qorc-sdk/arm_examples/fpga-arm/m4/GCC_Project/output/main.o
                0x0000000000001624                sevenseg_setup
 .text.disp     0x0000000000001638       0xf4 /home/hy/qorc-sdk/arm_examples/fpga-arm/m4/GCC_Project/output/main.o
                0x0000000000001638                disp
 .text.startup.main
                0x000000000000172c      0x180 /home/hy/qorc-sdk/arm_examples/fpga-arm/m4/GCC_Project/output/main.o
                0x000000000000172c                main
 *fill*         0x00000000000018ac        0x4 
 .text.SVC_Handler
                0x00000000000018b0       0x24 /home/hy/qorc-sdk/arm_examples/fpga-arm/m4/GCC_Project/output/port.o
                0x00000000000018b0                SVC_Handler
 .text.vPortEnterCritical
                0x00000000000018d4       0x58 /home/hy/qorc-sdk/arm_examples/fpga-arm/m4/GCC_Project/output/port.o
                0x00000000000018d4                vPortEnterCritical
 .text.vPortExitCritical
                0x000000000000192c       0x3c /home/hy/qorc-sdk/arm_examples/fpga-arm/m4/GCC_Project/output/port.o
                0x000000000000192c                vPortExitCritical
 *fill*         0x0000000000001968        0x8 
 .text.PendSV_Handler
                0x0000000000001970       0x64 /home/hy/qorc-sdk/arm_examples/fpga-arm/m4/GCC_Project/output/port.o
                0x0000000000001970                PendSV_Handler
 .text.xPortSysTickHandler
                0x00000000000019d4       0x2c /home/hy/qorc-sdk/arm_examples/fpga-arm/m4/GCC_Project/output/port.o
                0x00000000000019d4                xPortSysTickHandler
 .text.vPortValidateInterruptPriority
                0x0000000000001a00       0x7c /home/hy/qorc-sdk/arm_examples/fpga-arm/m4/GCC_Project/output/port.o
                0x0000000000001a00                vPortValidateInterruptPriority
 .text.system_init
                0x0000000000001a7c       0x6c /home/hy/qorc-sdk/arm_examples/fpga-arm/m4/GCC_Project/output/qf_hardwaresetup.o
                0x0000000000001a7c                system_init
 .text.qf_hardwareSetup
                0x0000000000001ae8       0x78 /home/hy/qorc-sdk/arm_examples/fpga-arm/m4/GCC_Project/output/qf_hardwaresetup.o
                0x0000000000001ae8                qf_hardwareSetup
 .text.prvIsQueueEmpty
                0x0000000000001b60       0x16 /home/hy/qorc-sdk/arm_examples/fpga-arm/m4/GCC_Project/output/queue.o
 .text.prvCopyDataToQueue
                0x0000000000001b76       0x78 /home/hy/qorc-sdk/arm_examples/fpga-arm/m4/GCC_Project/output/queue.o
 .text.prvUnlockQueue
                0x0000000000001bee       0x70 /home/hy/qorc-sdk/arm_examples/fpga-arm/m4/GCC_Project/output/queue.o
 *fill*         0x0000000000001c5e        0x2 
 .text.xQueueGenericReset
                0x0000000000001c60       0x90 /home/hy/qorc-sdk/arm_examples/fpga-arm/m4/GCC_Project/output/queue.o
                0x0000000000001c60                xQueueGenericReset
 .text.xQueueGenericCreate
                0x0000000000001cf0       0x74 /home/hy/qorc-sdk/arm_examples/fpga-arm/m4/GCC_Project/output/queue.o
                0x0000000000001cf0                xQueueGenericCreate
 .text.xQueueGenericSend
                0x0000000000001d64      0x19c /home/hy/qorc-sdk/arm_examples/fpga-arm/m4/GCC_Project/output/queue.o
                0x0000000000001d64                xQueueGenericSend
 .text.xQueueGenericSendFromISR
                0x0000000000001f00       0xf0 /home/hy/qorc-sdk/arm_examples/fpga-arm/m4/GCC_Project/output/queue.o
                0x0000000000001f00                xQueueGenericSendFromISR
 .text.xQueueGenericSendFromISRDebug
                0x0000000000001ff0       0x30 /home/hy/qorc-sdk/arm_examples/fpga-arm/m4/GCC_Project/output/queue.o
                0x0000000000001ff0                xQueueGenericSendFromISRDebug
 .text.xQueueGiveFromISR
                0x0000000000002020       0xdc /home/hy/qorc-sdk/arm_examples/fpga-arm/m4/GCC_Project/output/queue.o
                0x0000000000002020                xQueueGiveFromISR
 .text.xQueueSemaphoreTake
                0x00000000000020fc      0x1b0 /home/hy/qorc-sdk/arm_examples/fpga-arm/m4/GCC_Project/output/queue.o
                0x00000000000020fc                xQueueSemaphoreTake
 .text.vQueueAddToRegistry
                0x00000000000022ac       0x24 /home/hy/qorc-sdk/arm_examples/fpga-arm/m4/GCC_Project/output/queue.o
                0x00000000000022ac                vQueueAddToRegistry
 .text.s3x_clkd_write_div
                0x00000000000022d0       0xa8 /home/hy/qorc-sdk/arm_examples/fpga-arm/m4/GCC_Project/output/s3x_clock.o
 .text.s3x_clkd_read_div
                0x0000000000002378       0x44 /home/hy/qorc-sdk/arm_examples/fpga-arm/m4/GCC_Project/output/s3x_clock.o
 .text.s3x_clkd_cal_div.part.0
                0x00000000000023bc       0x30 /home/hy/qorc-sdk/arm_examples/fpga-arm/m4/GCC_Project/output/s3x_clock.o
 .text.S3x_Id_To_Domain
                0x00000000000023ec       0x1c /home/hy/qorc-sdk/arm_examples/fpga-arm/m4/GCC_Project/output/s3x_clock.o
                0x00000000000023ec                S3x_Id_To_Domain
 .text.S3x_Clkd_Get_Cpu_Rate
                0x0000000000002408        0xc /home/hy/qorc-sdk/arm_examples/fpga-arm/m4/GCC_Project/output/s3x_clock.o
                0x0000000000002408                S3x_Clkd_Get_Cpu_Rate
 .text.s3x_clkd_update_div_val
                0x0000000000002414       0x4c /home/hy/qorc-sdk/arm_examples/fpga-arm/m4/GCC_Project/output/s3x_clock.o
                0x0000000000002414                s3x_clkd_update_div_val
 .text.s3x_clkd_update_fd_rate
                0x0000000000002460        0xe /home/hy/qorc-sdk/arm_examples/fpga-arm/m4/GCC_Project/output/s3x_clock.o
                0x0000000000002460                s3x_clkd_update_fd_rate
 *fill*         0x000000000000246e        0x2 
 .text.s3x_clkd_update_sd_div
                0x0000000000002470       0x5c /home/hy/qorc-sdk/arm_examples/fpga-arm/m4/GCC_Project/output/s3x_clock.o
 .text.s3x_clkd_update_all_src_div
                0x00000000000024cc       0xd0 /home/hy/qorc-sdk/arm_examples/fpga-arm/m4/GCC_Project/output/s3x_clock.o
                0x00000000000024cc                s3x_clkd_update_all_src_div
 .text.S3x_Clkd_Get_Hsosc_Rate
                0x000000000000259c       0x34 /home/hy/qorc-sdk/arm_examples/fpga-arm/m4/GCC_Project/output/s3x_clock.o
                0x000000000000259c                S3x_Clkd_Get_Hsosc_Rate
 .text.S3x_Clkd_Change_Hsosc
                0x00000000000025d0       0x70 /home/hy/qorc-sdk/arm_examples/fpga-arm/m4/GCC_Project/output/s3x_clock.o
                0x00000000000025d0                S3x_Clkd_Change_Hsosc
 .text.s3x_clkd_get_src_rate
                0x0000000000002640       0x12 /home/hy/qorc-sdk/arm_examples/fpga-arm/m4/GCC_Project/output/s3x_clock.o
                0x0000000000002640                s3x_clkd_get_src_rate
 *fill*         0x0000000000002652        0x2 
 .text.s3x_clkd_get_div
                0x0000000000002654       0x74 /home/hy/qorc-sdk/arm_examples/fpga-arm/m4/GCC_Project/output/s3x_clock.o
                0x0000000000002654                s3x_clkd_get_div
 .text.s3x_clkd_srate
                0x00000000000026c8      0x134 /home/hy/qorc-sdk/arm_examples/fpga-arm/m4/GCC_Project/output/s3x_clock.o
 .text.s3x_clkd_grate
                0x00000000000027fc       0x68 /home/hy/qorc-sdk/arm_examples/fpga-arm/m4/GCC_Project/output/s3x_clock.o
 .text.s3x_clkd_set_src_div_st
                0x0000000000002864       0x4c /home/hy/qorc-sdk/arm_examples/fpga-arm/m4/GCC_Project/output/s3x_clock.o
 .text.s3x_update_clk_rate
                0x00000000000028b0       0xb0 /home/hy/qorc-sdk/arm_examples/fpga-arm/m4/GCC_Project/output/s3x_clock.o
                0x00000000000028b0                s3x_update_clk_rate
 .text.s3x_clkd_get_gate_mask_st
                0x0000000000002960       0x16 /home/hy/qorc-sdk/arm_examples/fpga-arm/m4/GCC_Project/output/s3x_clock.o
                0x0000000000002960                s3x_clkd_get_gate_mask_st
 *fill*         0x0000000000002976        0x2 
 .text.s3x_clkd_set_gate_mask
                0x0000000000002978       0x50 /home/hy/qorc-sdk/arm_examples/fpga-arm/m4/GCC_Project/output/s3x_clock.o
                0x0000000000002978                s3x_clkd_set_gate_mask
 .text.s3x_clkd_enable_gate
                0x00000000000029c8       0x68 /home/hy/qorc-sdk/arm_examples/fpga-arm/m4/GCC_Project/output/s3x_clock.o
 .text.s3x_clkd_disable_gate
                0x0000000000002a30       0x54 /home/hy/qorc-sdk/arm_examples/fpga-arm/m4/GCC_Project/output/s3x_clock.o
 .text._S3x_Clk_Enable
                0x0000000000002a84       0xb8 /home/hy/qorc-sdk/arm_examples/fpga-arm/m4/GCC_Project/output/s3x_clock.o
                0x0000000000002a84                _S3x_Clk_Enable
 .text._S3x_Clk_Disable
                0x0000000000002b3c       0xc8 /home/hy/qorc-sdk/arm_examples/fpga-arm/m4/GCC_Project/output/s3x_clock.o
                0x0000000000002b3c                _S3x_Clk_Disable
 .text._S3x_Clk_Get_Status
                0x0000000000002c04       0x2c /home/hy/qorc-sdk/arm_examples/fpga-arm/m4/GCC_Project/output/s3x_clock.o
                0x0000000000002c04                _S3x_Clk_Get_Status
 .text._S3x_Clk_Get_Rate
                0x0000000000002c30       0x28 /home/hy/qorc-sdk/arm_examples/fpga-arm/m4/GCC_Project/output/s3x_clock.o
                0x0000000000002c30                _S3x_Clk_Get_Rate
 .text.S3x_Clk_Init
                0x0000000000002c58      0x15c /home/hy/qorc-sdk/arm_examples/fpga-arm/m4/GCC_Project/output/s3x_clock.o
                0x0000000000002c58                S3x_Clk_Init
 .text.S3x_Clk_Enable
                0x0000000000002db4        0x4 /home/hy/qorc-sdk/arm_examples/fpga-arm/m4/GCC_Project/output/s3x_clock_hal.o
                0x0000000000002db4                S3x_Clk_Enable
 .text.S3x_Clk_Disable
                0x0000000000002db8        0x4 /home/hy/qorc-sdk/arm_examples/fpga-arm/m4/GCC_Project/output/s3x_clock_hal.o
                0x0000000000002db8                S3x_Clk_Disable
 .text.S3x_Clk_Get_Rate
                0x0000000000002dbc        0x4 /home/hy/qorc-sdk/arm_examples/fpga-arm/m4/GCC_Project/output/s3x_clock_hal.o
                0x0000000000002dbc                S3x_Clk_Get_Rate
 .text.DFS_cpuload
                0x0000000000002dc0       0x4c /home/hy/qorc-sdk/arm_examples/fpga-arm/m4/GCC_Project/output/s3x_cpuload.o
                0x0000000000002dc0                DFS_cpuload
 .text.DFS_resetsleepticks
                0x0000000000002e0c        0xc /home/hy/qorc-sdk/arm_examples/fpga-arm/m4/GCC_Project/output/s3x_cpuload.o
                0x0000000000002e0c                DFS_resetsleepticks
 .text.DFS_UpdateTimer
                0x0000000000002e18       0x5c /home/hy/qorc-sdk/arm_examples/fpga-arm/m4/GCC_Project/output/s3x_dfs.o
 .text.DFS_StartTimer
                0x0000000000002e74       0x88 /home/hy/qorc-sdk/arm_examples/fpga-arm/m4/GCC_Project/output/s3x_dfs.o
                0x0000000000002e74                DFS_StartTimer
 .text.S3x_Set_Policy
                0x0000000000002efc      0x108 /home/hy/qorc-sdk/arm_examples/fpga-arm/m4/GCC_Project/output/s3x_dfs.o
                0x0000000000002efc                S3x_Set_Policy
 .text.S3x_get_max_rate_dfs_node
                0x0000000000003004       0x28 /home/hy/qorc-sdk/arm_examples/fpga-arm/m4/GCC_Project/output/s3x_dfs.o
                0x0000000000003004                S3x_get_max_rate_dfs_node
 .text.S3x_Stepup_Policy
                0x000000000000302c       0x7c /home/hy/qorc-sdk/arm_examples/fpga-arm/m4/GCC_Project/output/s3x_dfs.o
 .text.DFS_TimerCB
                0x00000000000030a8        0xe /home/hy/qorc-sdk/arm_examples/fpga-arm/m4/GCC_Project/output/s3x_dfs.o
 *fill*         0x00000000000030b6        0x2 
 .text.DFS_Get_Curr_Policy
                0x00000000000030b8        0xc /home/hy/qorc-sdk/arm_examples/fpga-arm/m4/GCC_Project/output/s3x_dfs.o
                0x00000000000030b8                DFS_Get_Curr_Policy
 .text.DFS_Initialize
                0x00000000000030c4       0x14 /home/hy/qorc-sdk/arm_examples/fpga-arm/m4/GCC_Project/output/s3x_dfs.o
                0x00000000000030c4                DFS_Initialize
 .text.S3x_Register_Lpm_Cb
                0x00000000000030d8       0x40 /home/hy/qorc-sdk/arm_examples/fpga-arm/m4/GCC_Project/output/s3x_lpm.o
                0x00000000000030d8                S3x_Register_Lpm_Cb
 .text.s3x_setup_systick_interrupt
                0x0000000000003118       0x54 /home/hy/qorc-sdk/arm_examples/fpga-arm/m4/GCC_Project/output/s3x_lpm.o
                0x0000000000003118                s3x_setup_systick_interrupt
 .text.SysTick_Handler
                0x000000000000316c       0x12 /home/hy/qorc-sdk/arm_examples/fpga-arm/m4/GCC_Project/output/s3x_lpm.o
                0x000000000000316c                SysTick_Handler
 *fill*         0x000000000000317e        0x2 
 .text.s3x_get_pi
                0x0000000000003180       0x20 /home/hy/qorc-sdk/arm_examples/fpga-arm/m4/GCC_Project/output/s3x_pi.o
                0x0000000000003180                s3x_get_pi
 .text.s3x_get_pi_gindex
                0x00000000000031a0       0x14 /home/hy/qorc-sdk/arm_examples/fpga-arm/m4/GCC_Project/output/s3x_pi.o
                0x00000000000031a0                s3x_get_pi_gindex
 .text.s3x_pi_get_st
                0x00000000000031b4       0x24 /home/hy/qorc-sdk/arm_examples/fpga-arm/m4/GCC_Project/output/s3x_pi.o
                0x00000000000031b4                s3x_pi_get_st
 .text.s3x_pi_set_cfg_st
                0x00000000000031d8       0x94 /home/hy/qorc-sdk/arm_examples/fpga-arm/m4/GCC_Project/output/s3x_pi.o
                0x00000000000031d8                s3x_pi_set_cfg_st
 .text.s3x_pi_set_active_st
                0x000000000000326c       0xa4 /home/hy/qorc-sdk/arm_examples/fpga-arm/m4/GCC_Project/output/s3x_pi.o
                0x000000000000326c                s3x_pi_set_active_st
 .text.s3x_pi_get_clkg_st
                0x0000000000003310       0x36 /home/hy/qorc-sdk/arm_examples/fpga-arm/m4/GCC_Project/output/s3x_pi.o
                0x0000000000003310                s3x_pi_get_clkg_st
 .text.s3x_pi_set_clkg_st
                0x0000000000003346       0x26 /home/hy/qorc-sdk/arm_examples/fpga-arm/m4/GCC_Project/output/s3x_pi.o
                0x0000000000003346                s3x_pi_set_clkg_st
 .text.s3x_set_pi_state
                0x000000000000336c        0xc /home/hy/qorc-sdk/arm_examples/fpga-arm/m4/GCC_Project/output/s3x_pi.o
                0x000000000000336c                s3x_set_pi_state
 .text.s3x_get_pi_init_state
                0x0000000000003378       0x18 /home/hy/qorc-sdk/arm_examples/fpga-arm/m4/GCC_Project/output/s3x_pi.o
                0x0000000000003378                s3x_get_pi_init_state
 .text.S3x_pi_init
                0x0000000000003390       0x20 /home/hy/qorc-sdk/arm_examples/fpga-arm/m4/GCC_Project/output/s3x_pi.o
                0x0000000000003390                S3x_pi_init
 .text.S3x_pwrcfg_init
                0x00000000000033b0       0x2c /home/hy/qorc-sdk/arm_examples/fpga-arm/m4/GCC_Project/output/s3x_pwrcfg.o
                0x00000000000033b0                S3x_pwrcfg_init
 .text.S3x_get_qos_rate
                0x00000000000033dc       0x38 /home/hy/qorc-sdk/arm_examples/fpga-arm/m4/GCC_Project/output/s3x_qos.o
                0x00000000000033dc                S3x_get_qos_rate
 .text.save_assert_info
                0x0000000000003414       0x74 /home/hy/qorc-sdk/arm_examples/fpga-arm/m4/GCC_Project/output/sec_debug.o
                0x0000000000003414                save_assert_info
 .text.invoke_soft_fault
                0x0000000000003488       0x20 /home/hy/qorc-sdk/arm_examples/fpga-arm/m4/GCC_Project/output/sec_debug.o
                0x0000000000003488                invoke_soft_fault
 .text.Reset_Handler
                0x00000000000034a8       0x2c /home/hy/qorc-sdk/arm_examples/fpga-arm/m4/GCC_Project/output/startup_EOSS3B_GCC.o
                0x00000000000034a8                Reset_Handler
 .text.__semihost_call
                0x00000000000034d4        0x6 /home/hy/qorc-sdk/arm_examples/fpga-arm/m4/GCC_Project/output/startup_EOSS3B_GCC.o
                0x00000000000034d4                __semihost_call
 *fill*         0x00000000000034da        0x2 
 .text.prvResetNextTaskUnblockTime
                0x00000000000034dc       0x24 /home/hy/qorc-sdk/arm_examples/fpga-arm/m4/GCC_Project/output/tasks.o
 .text.prvAddCurrentTaskToDelayedList
                0x0000000000003500       0x8c /home/hy/qorc-sdk/arm_examples/fpga-arm/m4/GCC_Project/output/tasks.o
 .text.vTaskSuspendAll
                0x000000000000358c       0x10 /home/hy/qorc-sdk/arm_examples/fpga-arm/m4/GCC_Project/output/tasks.o
                0x000000000000358c                vTaskSuspendAll
 .text.xTaskGetTickCount
                0x000000000000359c        0xc /home/hy/qorc-sdk/arm_examples/fpga-arm/m4/GCC_Project/output/tasks.o
                0x000000000000359c                xTaskGetTickCount
 .text.xTaskIncrementTick
                0x00000000000035a8      0x14c /home/hy/qorc-sdk/arm_examples/fpga-arm/m4/GCC_Project/output/tasks.o
                0x00000000000035a8                xTaskIncrementTick
 .text.xTaskResumeAll
                0x00000000000036f4      0x100 /home/hy/qorc-sdk/arm_examples/fpga-arm/m4/GCC_Project/output/tasks.o
                0x00000000000036f4                xTaskResumeAll
 .text.vTaskSwitchContext
                0x00000000000037f4       0xb8 /home/hy/qorc-sdk/arm_examples/fpga-arm/m4/GCC_Project/output/tasks.o
                0x00000000000037f4                vTaskSwitchContext
 .text.vTaskPlaceOnEventList
                0x00000000000038ac       0x48 /home/hy/qorc-sdk/arm_examples/fpga-arm/m4/GCC_Project/output/tasks.o
                0x00000000000038ac                vTaskPlaceOnEventList
 .text.xTaskRemoveFromEventList
                0x00000000000038f4       0x9c /home/hy/qorc-sdk/arm_examples/fpga-arm/m4/GCC_Project/output/tasks.o
                0x00000000000038f4                xTaskRemoveFromEventList
 .text.vTaskInternalSetTimeOutState
                0x0000000000003990       0x18 /home/hy/qorc-sdk/arm_examples/fpga-arm/m4/GCC_Project/output/tasks.o
                0x0000000000003990                vTaskInternalSetTimeOutState
 .text.xTaskCheckForTimeOut
                0x00000000000039a8       0x94 /home/hy/qorc-sdk/arm_examples/fpga-arm/m4/GCC_Project/output/tasks.o
                0x00000000000039a8                xTaskCheckForTimeOut
 .text.vTaskMissedYield
                0x0000000000003a3c        0xc /home/hy/qorc-sdk/arm_examples/fpga-arm/m4/GCC_Project/output/tasks.o
                0x0000000000003a3c                vTaskMissedYield
 .text.uxTaskGetTCBNumber
                0x0000000000003a48       0x14 /home/hy/qorc-sdk/arm_examples/fpga-arm/m4/GCC_Project/output/tasks.o
                0x0000000000003a48                uxTaskGetTCBNumber
 .text.xTaskGetCurrentTaskHandle
                0x0000000000003a5c        0xc /home/hy/qorc-sdk/arm_examples/fpga-arm/m4/GCC_Project/output/tasks.o
                0x0000000000003a5c                xTaskGetCurrentTaskHandle
 .text.xTaskGetSchedulerState
                0x0000000000003a68       0x20 /home/hy/qorc-sdk/arm_examples/fpga-arm/m4/GCC_Project/output/tasks.o
                0x0000000000003a68                xTaskGetSchedulerState
 .text.xTaskPriorityInherit
                0x0000000000003a88       0xa8 /home/hy/qorc-sdk/arm_examples/fpga-arm/m4/GCC_Project/output/tasks.o
                0x0000000000003a88                xTaskPriorityInherit
 .text.xTaskPriorityDisinherit
                0x0000000000003b30       0xc4 /home/hy/qorc-sdk/arm_examples/fpga-arm/m4/GCC_Project/output/tasks.o
                0x0000000000003b30                xTaskPriorityDisinherit
 .text.vTaskPriorityDisinheritAfterTimeout
                0x0000000000003bf4       0xd8 /home/hy/qorc-sdk/arm_examples/fpga-arm/m4/GCC_Project/output/tasks.o
                0x0000000000003bf4                vTaskPriorityDisinheritAfterTimeout
 .text.pvTaskIncrementMutexHeldCount
                0x0000000000003ccc       0x18 /home/hy/qorc-sdk/arm_examples/fpga-arm/m4/GCC_Project/output/tasks.o
                0x0000000000003ccc                pvTaskIncrementMutexHeldCount
 .text.prvCheckForValidListAndQueue
                0x0000000000003ce4       0x58 /home/hy/qorc-sdk/arm_examples/fpga-arm/m4/GCC_Project/output/timers.o
 .text.xTimerCreate
                0x0000000000003d3c       0x58 /home/hy/qorc-sdk/arm_examples/fpga-arm/m4/GCC_Project/output/timers.o
                0x0000000000003d3c                xTimerCreate
 .text.xTimerGenericCommand
                0x0000000000003d94       0x70 /home/hy/qorc-sdk/arm_examples/fpga-arm/m4/GCC_Project/output/timers.o
                0x0000000000003d94                xTimerGenericCommand
 .text.exit     0x0000000000003e04       0x28 /home/hy/qorc-sdk/arm_toolchain_install/gcc-arm-none-eabi-9-2020-q2-update/bin/../lib/gcc/arm-none-eabi/9.3.1/../../../../arm-none-eabi/lib/thumb/v7e-m+fp/hard/libg_nano.a(lib_a-exit.o)
                0x0000000000003e04                exit
 .text.__libc_init_array
                0x0000000000003e2c       0x48 /home/hy/qorc-sdk/arm_toolchain_install/gcc-arm-none-eabi-9-2020-q2-update/bin/../lib/gcc/arm-none-eabi/9.3.1/../../../../arm-none-eabi/lib/thumb/v7e-m+fp/hard/libg_nano.a(lib_a-init.o)
                0x0000000000003e2c                __libc_init_array
 .text.memcpy   0x0000000000003e74       0x1c /home/hy/qorc-sdk/arm_toolchain_install/gcc-arm-none-eabi-9-2020-q2-update/bin/../lib/gcc/arm-none-eabi/9.3.1/../../../../arm-none-eabi/lib/thumb/v7e-m+fp/hard/libg_nano.a(lib_a-memcpy-stub.o)
                0x0000000000003e74                memcpy
 .text.memset   0x0000000000003e90       0x10 /home/hy/qorc-sdk/arm_toolchain_install/gcc-arm-none-eabi-9-2020-q2-update/bin/../lib/gcc/arm-none-eabi/9.3.1/../../../../arm-none-eabi/lib/thumb/v7e-m+fp/hard/libg_nano.a(lib_a-memset.o)
                0x0000000000003e90                memset
 .text._free_r  0x0000000000003ea0       0xa0 /home/hy/qorc-sdk/arm_toolchain_install/gcc-arm-none-eabi-9-2020-q2-update/bin/../lib/gcc/arm-none-eabi/9.3.1/../../../../arm-none-eabi/lib/thumb/v7e-m+fp/hard/libg_nano.a(lib_a-nano-freer.o)
                0x0000000000003ea0                _free_r
 .text._malloc_r
                0x0000000000003f40       0xb4 /home/hy/qorc-sdk/arm_toolchain_install/gcc-arm-none-eabi-9-2020-q2-update/bin/../lib/gcc/arm-none-eabi/9.3.1/../../../../arm-none-eabi/lib/thumb/v7e-m+fp/hard/libg_nano.a(lib_a-nano-mallocr.o)
                0x0000000000003f40                _malloc_r
 .text.printf   0x0000000000003ff4       0x30 /home/hy/qorc-sdk/arm_toolchain_install/gcc-arm-none-eabi-9-2020-q2-update/bin/../lib/gcc/arm-none-eabi/9.3.1/../../../../arm-none-eabi/lib/thumb/v7e-m+fp/hard/libg_nano.a(lib_a-printf.o)
                0x0000000000003ff4                printf
                0x0000000000003ff4                iprintf
 .text._puts_r  0x0000000000004024       0xdc /home/hy/qorc-sdk/arm_toolchain_install/gcc-arm-none-eabi-9-2020-q2-update/bin/../lib/gcc/arm-none-eabi/9.3.1/../../../../arm-none-eabi/lib/thumb/v7e-m+fp/hard/libg_nano.a(lib_a-puts.o)
                0x0000000000004024                _puts_r
 .text.puts     0x0000000000004100       0x10 /home/hy/qorc-sdk/arm_toolchain_install/gcc-arm-none-eabi-9-2020-q2-update/bin/../lib/gcc/arm-none-eabi/9.3.1/../../../../arm-none-eabi/lib/thumb/v7e-m+fp/hard/libg_nano.a(lib_a-puts.o)
                0x0000000000004100                puts
 .text._sbrk_r  0x0000000000004110       0x20 /home/hy/qorc-sdk/arm_toolchain_install/gcc-arm-none-eabi-9-2020-q2-update/bin/../lib/gcc/arm-none-eabi/9.3.1/../../../../arm-none-eabi/lib/thumb/v7e-m+fp/hard/libg_nano.a(lib_a-sbrkr.o)
                0x0000000000004110                _sbrk_r
 .text.snprintf
                0x0000000000004130       0x68 /home/hy/qorc-sdk/arm_toolchain_install/gcc-arm-none-eabi-9-2020-q2-update/bin/../lib/gcc/arm-none-eabi/9.3.1/../../../../arm-none-eabi/lib/thumb/v7e-m+fp/hard/libg_nano.a(lib_a-snprintf.o)
                0x0000000000004130                snprintf
                0x0000000000004130                sniprintf
 .text.sprintf  0x0000000000004198       0x40 /home/hy/qorc-sdk/arm_toolchain_install/gcc-arm-none-eabi-9-2020-q2-update/bin/../lib/gcc/arm-none-eabi/9.3.1/../../../../arm-none-eabi/lib/thumb/v7e-m+fp/hard/libg_nano.a(lib_a-sprintf.o)
                0x0000000000004198                sprintf
                0x0000000000004198                siprintf
 .text.strchr   0x00000000000041d8       0x1a /home/hy/qorc-sdk/arm_toolchain_install/gcc-arm-none-eabi-9-2020-q2-update/bin/../lib/gcc/arm-none-eabi/9.3.1/../../../../arm-none-eabi/lib/thumb/v7e-m+fp/hard/libg_nano.a(lib_a-strchr.o)
                0x00000000000041d8                strchr
 .text.strcpy   0x00000000000041f2       0x10 /home/hy/qorc-sdk/arm_toolchain_install/gcc-arm-none-eabi-9-2020-q2-update/bin/../lib/gcc/arm-none-eabi/9.3.1/../../../../arm-none-eabi/lib/thumb/v7e-m+fp/hard/libg_nano.a(lib_a-strcpy.o)
                0x00000000000041f2                strcpy
 .text          0x0000000000004202       0x10 /home/hy/qorc-sdk/arm_toolchain_install/gcc-arm-none-eabi-9-2020-q2-update/bin/../lib/gcc/arm-none-eabi/9.3.1/../../../../arm-none-eabi/lib/thumb/v7e-m+fp/hard/libg_nano.a(lib_a-strlen.o)
                0x0000000000004202                strlen
 .text.strncpy  0x0000000000004212       0x26 /home/hy/qorc-sdk/arm_toolchain_install/gcc-arm-none-eabi-9-2020-q2-update/bin/../lib/gcc/arm-none-eabi/9.3.1/../../../../arm-none-eabi/lib/thumb/v7e-m+fp/hard/libg_nano.a(lib_a-strncpy.o)
                0x0000000000004212                strncpy
 .text.strrchr  0x0000000000004238       0x28 /home/hy/qorc-sdk/arm_toolchain_install/gcc-arm-none-eabi-9-2020-q2-update/bin/../lib/gcc/arm-none-eabi/9.3.1/../../../../arm-none-eabi/lib/thumb/v7e-m+fp/hard/libg_nano.a(lib_a-strrchr.o)
                0x0000000000004238                strrchr
 .text.__swbuf_r
                0x0000000000004260       0xa4 /home/hy/qorc-sdk/arm_toolchain_install/gcc-arm-none-eabi-9-2020-q2-update/bin/../lib/gcc/arm-none-eabi/9.3.1/../../../../arm-none-eabi/lib/thumb/v7e-m+fp/hard/libg_nano.a(lib_a-wbuf.o)
                0x0000000000004260                __swbuf_r
 .text.__swsetup_r
                0x0000000000004304       0xdc /home/hy/qorc-sdk/arm_toolchain_install/gcc-arm-none-eabi-9-2020-q2-update/bin/../lib/gcc/arm-none-eabi/9.3.1/../../../../arm-none-eabi/lib/thumb/v7e-m+fp/hard/libg_nano.a(lib_a-wsetup.o)
                0x0000000000004304                __swsetup_r
 .text.__sflush_r
                0x00000000000043e0      0x10c /home/hy/qorc-sdk/arm_toolchain_install/gcc-arm-none-eabi-9-2020-q2-update/bin/../lib/gcc/arm-none-eabi/9.3.1/../../../../arm-none-eabi/lib/thumb/v7e-m+fp/hard/libg_nano.a(lib_a-fflush.o)
                0x00000000000043e0                __sflush_r
 .text._fflush_r
                0x00000000000044ec       0x78 /home/hy/qorc-sdk/arm_toolchain_install/gcc-arm-none-eabi-9-2020-q2-update/bin/../lib/gcc/arm-none-eabi/9.3.1/../../../../arm-none-eabi/lib/thumb/v7e-m+fp/hard/libg_nano.a(lib_a-fflush.o)
                0x00000000000044ec                _fflush_r
 .text.std      0x0000000000004564       0x48 /home/hy/qorc-sdk/arm_toolchain_install/gcc-arm-none-eabi-9-2020-q2-update/bin/../lib/gcc/arm-none-eabi/9.3.1/../../../../arm-none-eabi/lib/thumb/v7e-m+fp/hard/libg_nano.a(lib_a-findfp.o)
 .text._cleanup_r
                0x00000000000045ac        0xc /home/hy/qorc-sdk/arm_toolchain_install/gcc-arm-none-eabi-9-2020-q2-update/bin/../lib/gcc/arm-none-eabi/9.3.1/../../../../arm-none-eabi/lib/thumb/v7e-m+fp/hard/libg_nano.a(lib_a-findfp.o)
                0x00000000000045ac                _cleanup_r
 .text.__sfmoreglue
                0x00000000000045b8       0x2c /home/hy/qorc-sdk/arm_toolchain_install/gcc-arm-none-eabi-9-2020-q2-update/bin/../lib/gcc/arm-none-eabi/9.3.1/../../../../arm-none-eabi/lib/thumb/v7e-m+fp/hard/libg_nano.a(lib_a-findfp.o)
                0x00000000000045b8                __sfmoreglue
 .text.__sfp_lock_acquire
                0x00000000000045e4        0xc /home/hy/qorc-sdk/arm_toolchain_install/gcc-arm-none-eabi-9-2020-q2-update/bin/../lib/gcc/arm-none-eabi/9.3.1/../../../../arm-none-eabi/lib/thumb/v7e-m+fp/hard/libg_nano.a(lib_a-findfp.o)
                0x00000000000045e4                __sfp_lock_acquire
 .text.__sfp_lock_release
                0x00000000000045f0        0xc /home/hy/qorc-sdk/arm_toolchain_install/gcc-arm-none-eabi-9-2020-q2-update/bin/../lib/gcc/arm-none-eabi/9.3.1/../../../../arm-none-eabi/lib/thumb/v7e-m+fp/hard/libg_nano.a(lib_a-findfp.o)
                0x00000000000045f0                __sfp_lock_release
 .text.__sinit_lock_acquire
                0x00000000000045fc        0xc /home/hy/qorc-sdk/arm_toolchain_install/gcc-arm-none-eabi-9-2020-q2-update/bin/../lib/gcc/arm-none-eabi/9.3.1/../../../../arm-none-eabi/lib/thumb/v7e-m+fp/hard/libg_nano.a(lib_a-findfp.o)
                0x00000000000045fc                __sinit_lock_acquire
 .text.__sinit_lock_release
                0x0000000000004608        0xc /home/hy/qorc-sdk/arm_toolchain_install/gcc-arm-none-eabi-9-2020-q2-update/bin/../lib/gcc/arm-none-eabi/9.3.1/../../../../arm-none-eabi/lib/thumb/v7e-m+fp/hard/libg_nano.a(lib_a-findfp.o)
                0x0000000000004608                __sinit_lock_release
 .text.__sinit  0x0000000000004614       0x70 /home/hy/qorc-sdk/arm_toolchain_install/gcc-arm-none-eabi-9-2020-q2-update/bin/../lib/gcc/arm-none-eabi/9.3.1/../../../../arm-none-eabi/lib/thumb/v7e-m+fp/hard/libg_nano.a(lib_a-findfp.o)
                0x0000000000004614                __sinit
 .text.__sfp    0x0000000000004684       0x8c /home/hy/qorc-sdk/arm_toolchain_install/gcc-arm-none-eabi-9-2020-q2-update/bin/../lib/gcc/arm-none-eabi/9.3.1/../../../../arm-none-eabi/lib/thumb/v7e-m+fp/hard/libg_nano.a(lib_a-findfp.o)
                0x0000000000004684                __sfp
 .text._fwalk_reent
                0x0000000000004710       0x3e /home/hy/qorc-sdk/arm_toolchain_install/gcc-arm-none-eabi-9-2020-q2-update/bin/../lib/gcc/arm-none-eabi/9.3.1/../../../../arm-none-eabi/lib/thumb/v7e-m+fp/hard/libg_nano.a(lib_a-fwalk.o)
                0x0000000000004710                _fwalk_reent
 .text.__retarget_lock_init_recursive
                0x000000000000474e        0x2 /home/hy/qorc-sdk/arm_toolchain_install/gcc-arm-none-eabi-9-2020-q2-update/bin/../lib/gcc/arm-none-eabi/9.3.1/../../../../arm-none-eabi/lib/thumb/v7e-m+fp/hard/libg_nano.a(lib_a-lock.o)
                0x000000000000474e                __retarget_lock_init_recursive
 .text.__retarget_lock_acquire_recursive
                0x0000000000004750        0x2 /home/hy/qorc-sdk/arm_toolchain_install/gcc-arm-none-eabi-9-2020-q2-update/bin/../lib/gcc/arm-none-eabi/9.3.1/../../../../arm-none-eabi/lib/thumb/v7e-m+fp/hard/libg_nano.a(lib_a-lock.o)
                0x0000000000004750                __retarget_lock_acquire_recursive
 .text.__retarget_lock_release_recursive
                0x0000000000004752        0x2 /home/hy/qorc-sdk/arm_toolchain_install/gcc-arm-none-eabi-9-2020-q2-update/bin/../lib/gcc/arm-none-eabi/9.3.1/../../../../arm-none-eabi/lib/thumb/v7e-m+fp/hard/libg_nano.a(lib_a-lock.o)
                0x0000000000004752                __retarget_lock_release_recursive
 .text.__swhatbuf_r
                0x0000000000004754       0x48 /home/hy/qorc-sdk/arm_toolchain_install/gcc-arm-none-eabi-9-2020-q2-update/bin/../lib/gcc/arm-none-eabi/9.3.1/../../../../arm-none-eabi/lib/thumb/v7e-m+fp/hard/libg_nano.a(lib_a-makebuf.o)
                0x0000000000004754                __swhatbuf_r
 .text.__smakebuf_r
                0x000000000000479c       0x80 /home/hy/qorc-sdk/arm_toolchain_install/gcc-arm-none-eabi-9-2020-q2-update/bin/../lib/gcc/arm-none-eabi/9.3.1/../../../../arm-none-eabi/lib/thumb/v7e-m+fp/hard/libg_nano.a(lib_a-makebuf.o)
                0x000000000000479c                __smakebuf_r
 .text.__malloc_lock
                0x000000000000481c        0xc /home/hy/qorc-sdk/arm_toolchain_install/gcc-arm-none-eabi-9-2020-q2-update/bin/../lib/gcc/arm-none-eabi/9.3.1/../../../../arm-none-eabi/lib/thumb/v7e-m+fp/hard/libg_nano.a(lib_a-mlock.o)
                0x000000000000481c                __malloc_lock
 .text.__malloc_unlock
                0x0000000000004828        0xc /home/hy/qorc-sdk/arm_toolchain_install/gcc-arm-none-eabi-9-2020-q2-update/bin/../lib/gcc/arm-none-eabi/9.3.1/../../../../arm-none-eabi/lib/thumb/v7e-m+fp/hard/libg_nano.a(lib_a-mlock.o)
                0x0000000000004828                __malloc_unlock
 .text.__ssputs_r
                0x0000000000004834       0xb6 /home/hy/qorc-sdk/arm_toolchain_install/gcc-arm-none-eabi-9-2020-q2-update/bin/../lib/gcc/arm-none-eabi/9.3.1/../../../../arm-none-eabi/lib/thumb/v7e-m+fp/hard/libg_nano.a(lib_a-nano-svfprintf.o)
                0x0000000000004834                __ssputs_r
 *fill*         0x00000000000048ea        0x2 
 .text._svfprintf_r
                0x00000000000048ec      0x200 /home/hy/qorc-sdk/arm_toolchain_install/gcc-arm-none-eabi-9-2020-q2-update/bin/../lib/gcc/arm-none-eabi/9.3.1/../../../../arm-none-eabi/lib/thumb/v7e-m+fp/hard/libg_nano.a(lib_a-nano-svfprintf.o)
                0x00000000000048ec                _svfprintf_r
                0x00000000000048ec                _svfiprintf_r
 .text.__sfputc_r
                0x0000000000004aec       0x2e /home/hy/qorc-sdk/arm_toolchain_install/gcc-arm-none-eabi-9-2020-q2-update/bin/../lib/gcc/arm-none-eabi/9.3.1/../../../../arm-none-eabi/lib/thumb/v7e-m+fp/hard/libg_nano.a(lib_a-nano-vfprintf.o)
 .text.__sfputs_r
                0x0000000000004b1a       0x24 /home/hy/qorc-sdk/arm_toolchain_install/gcc-arm-none-eabi-9-2020-q2-update/bin/../lib/gcc/arm-none-eabi/9.3.1/../../../../arm-none-eabi/lib/thumb/v7e-m+fp/hard/libg_nano.a(lib_a-nano-vfprintf.o)
                0x0000000000004b1a                __sfputs_r
 *fill*         0x0000000000004b3e        0x2 
 .text._vfprintf_r
                0x0000000000004b40      0x260 /home/hy/qorc-sdk/arm_toolchain_install/gcc-arm-none-eabi-9-2020-q2-update/bin/../lib/gcc/arm-none-eabi/9.3.1/../../../../arm-none-eabi/lib/thumb/v7e-m+fp/hard/libg_nano.a(lib_a-nano-vfprintf.o)
                0x0000000000004b40                _vfiprintf_r
                0x0000000000004b40                _vfprintf_r
 .text._printf_common
                0x0000000000004da0       0xda /home/hy/qorc-sdk/arm_toolchain_install/gcc-arm-none-eabi-9-2020-q2-update/bin/../lib/gcc/arm-none-eabi/9.3.1/../../../../arm-none-eabi/lib/thumb/v7e-m+fp/hard/libg_nano.a(lib_a-nano-vfprintf_i.o)
                0x0000000000004da0                _printf_common
 *fill*         0x0000000000004e7a        0x2 
 .text._printf_i
                0x0000000000004e7c      0x24c /home/hy/qorc-sdk/arm_toolchain_install/gcc-arm-none-eabi-9-2020-q2-update/bin/../lib/gcc/arm-none-eabi/9.3.1/../../../../arm-none-eabi/lib/thumb/v7e-m+fp/hard/libg_nano.a(lib_a-nano-vfprintf_i.o)
                0x0000000000004e7c                _printf_i
 .text.__sread  0x00000000000050c8       0x22 /home/hy/qorc-sdk/arm_toolchain_install/gcc-arm-none-eabi-9-2020-q2-update/bin/../lib/gcc/arm-none-eabi/9.3.1/../../../../arm-none-eabi/lib/thumb/v7e-m+fp/hard/libg_nano.a(lib_a-stdio.o)
                0x00000000000050c8                __sread
 .text.__swrite
                0x00000000000050ea       0x38 /home/hy/qorc-sdk/arm_toolchain_install/gcc-arm-none-eabi-9-2020-q2-update/bin/../lib/gcc/arm-none-eabi/9.3.1/../../../../arm-none-eabi/lib/thumb/v7e-m+fp/hard/libg_nano.a(lib_a-stdio.o)
                0x00000000000050ea                __swrite
 .text.__sseek  0x0000000000005122       0x24 /home/hy/qorc-sdk/arm_toolchain_install/gcc-arm-none-eabi-9-2020-q2-update/bin/../lib/gcc/arm-none-eabi/9.3.1/../../../../arm-none-eabi/lib/thumb/v7e-m+fp/hard/libg_nano.a(lib_a-stdio.o)
                0x0000000000005122                __sseek
 .text.__sclose
                0x0000000000005146        0x8 /home/hy/qorc-sdk/arm_toolchain_install/gcc-arm-none-eabi-9-2020-q2-update/bin/../lib/gcc/arm-none-eabi/9.3.1/../../../../arm-none-eabi/lib/thumb/v7e-m+fp/hard/libg_nano.a(lib_a-stdio.o)
                0x0000000000005146                __sclose
 *fill*         0x000000000000514e        0x2 
 .text._write_r
                0x0000000000005150       0x24 /home/hy/qorc-sdk/arm_toolchain_install/gcc-arm-none-eabi-9-2020-q2-update/bin/../lib/gcc/arm-none-eabi/9.3.1/../../../../arm-none-eabi/lib/thumb/v7e-m+fp/hard/libg_nano.a(lib_a-writer.o)
                0x0000000000005150                _write_r
 .text._close_r
                0x0000000000005174       0x20 /home/hy/qorc-sdk/arm_toolchain_install/gcc-arm-none-eabi-9-2020-q2-update/bin/../lib/gcc/arm-none-eabi/9.3.1/../../../../arm-none-eabi/lib/thumb/v7e-m+fp/hard/libg_nano.a(lib_a-closer.o)
                0x0000000000005174                _close_r
 .text._fstat_r
                0x0000000000005194       0x24 /home/hy/qorc-sdk/arm_toolchain_install/gcc-arm-none-eabi-9-2020-q2-update/bin/../lib/gcc/arm-none-eabi/9.3.1/../../../../arm-none-eabi/lib/thumb/v7e-m+fp/hard/libg_nano.a(lib_a-fstatr.o)
                0x0000000000005194                _fstat_r
 .text._isatty_r
                0x00000000000051b8       0x20 /home/hy/qorc-sdk/arm_toolchain_install/gcc-arm-none-eabi-9-2020-q2-update/bin/../lib/gcc/arm-none-eabi/9.3.1/../../../../arm-none-eabi/lib/thumb/v7e-m+fp/hard/libg_nano.a(lib_a-isattyr.o)
                0x00000000000051b8                _isatty_r
 .text._lseek_r
                0x00000000000051d8       0x24 /home/hy/qorc-sdk/arm_toolchain_install/gcc-arm-none-eabi-9-2020-q2-update/bin/../lib/gcc/arm-none-eabi/9.3.1/../../../../arm-none-eabi/lib/thumb/v7e-m+fp/hard/libg_nano.a(lib_a-lseekr.o)
                0x00000000000051d8                _lseek_r
 *fill*         0x00000000000051fc        0x4 
 .text          0x0000000000005200       0xa0 /home/hy/qorc-sdk/arm_toolchain_install/gcc-arm-none-eabi-9-2020-q2-update/bin/../lib/gcc/arm-none-eabi/9.3.1/../../../../arm-none-eabi/lib/thumb/v7e-m+fp/hard/libg_nano.a(lib_a-memchr.o)
                0x0000000000005200                memchr
 .text.memmove  0x00000000000052a0       0x34 /home/hy/qorc-sdk/arm_toolchain_install/gcc-arm-none-eabi-9-2020-q2-update/bin/../lib/gcc/arm-none-eabi/9.3.1/../../../../arm-none-eabi/lib/thumb/v7e-m+fp/hard/libg_nano.a(lib_a-memmove.o)
                0x00000000000052a0                memmove
 .text._realloc_r
                0x00000000000052d4       0x4c /home/hy/qorc-sdk/arm_toolchain_install/gcc-arm-none-eabi-9-2020-q2-update/bin/../lib/gcc/arm-none-eabi/9.3.1/../../../../arm-none-eabi/lib/thumb/v7e-m+fp/hard/libg_nano.a(lib_a-nano-reallocr.o)
                0x00000000000052d4                _realloc_r
 .text._read_r  0x0000000000005320       0x24 /home/hy/qorc-sdk/arm_toolchain_install/gcc-arm-none-eabi-9-2020-q2-update/bin/../lib/gcc/arm-none-eabi/9.3.1/../../../../arm-none-eabi/lib/thumb/v7e-m+fp/hard/libg_nano.a(lib_a-readr.o)
                0x0000000000005320                _read_r
 .text._malloc_usable_size_r
                0x0000000000005344       0x10 /home/hy/qorc-sdk/arm_toolchain_install/gcc-arm-none-eabi-9-2020-q2-update/bin/../lib/gcc/arm-none-eabi/9.3.1/../../../../arm-none-eabi/lib/thumb/v7e-m+fp/hard/libg_nano.a(lib_a-nano-msizer.o)
                0x0000000000005344                _malloc_usable_size_r
 .text._fstat   0x0000000000005354       0x10 /home/hy/qorc-sdk/arm_toolchain_install/gcc-arm-none-eabi-9-2020-q2-update/bin/../lib/gcc/arm-none-eabi/9.3.1/../../../../arm-none-eabi/lib/thumb/v7e-m+fp/hard/libnosys.a(fstat.o)
                0x0000000000005354                _fstat
 .text._isatty  0x0000000000005364       0x10 /home/hy/qorc-sdk/arm_toolchain_install/gcc-arm-none-eabi-9-2020-q2-update/bin/../lib/gcc/arm-none-eabi/9.3.1/../../../../arm-none-eabi/lib/thumb/v7e-m+fp/hard/libnosys.a(isatty.o)
                0x0000000000005364                _isatty
 .text._sbrk    0x0000000000005374       0x1c /home/hy/qorc-sdk/arm_toolchain_install/gcc-arm-none-eabi-9-2020-q2-update/bin/../lib/gcc/arm-none-eabi/9.3.1/../../../../arm-none-eabi/lib/thumb/v7e-m+fp/hard/libnosys.a(sbrk.o)
                0x0000000000005374                _sbrk
 .text._exit    0x0000000000005390        0x4 /home/hy/qorc-sdk/arm_toolchain_install/gcc-arm-none-eabi-9-2020-q2-update/bin/../lib/gcc/arm-none-eabi/9.3.1/../../../../arm-none-eabi/lib/thumb/v7e-m+fp/hard/libnosys.a(_exit.o)
                0x0000000000005390                _exit
 *(.init)
 .init          0x0000000000005394        0x4 /home/hy/qorc-sdk/arm_toolchain_install/gcc-arm-none-eabi-9-2020-q2-update/bin/../lib/gcc/arm-none-eabi/9.3.1/thumb/v7e-m+fp/hard/crti.o
                0x0000000000005394                _init
 .init          0x0000000000005398        0x8 /home/hy/qorc-sdk/arm_toolchain_install/gcc-arm-none-eabi-9-2020-q2-update/bin/../lib/gcc/arm-none-eabi/9.3.1/thumb/v7e-m+fp/hard/crtn.o
 *(.fini)
 .fini          0x00000000000053a0        0x4 /home/hy/qorc-sdk/arm_toolchain_install/gcc-arm-none-eabi-9-2020-q2-update/bin/../lib/gcc/arm-none-eabi/9.3.1/thumb/v7e-m+fp/hard/crti.o
                0x00000000000053a0                _fini
 .fini          0x00000000000053a4        0x8 /home/hy/qorc-sdk/arm_toolchain_install/gcc-arm-none-eabi-9-2020-q2-update/bin/../lib/gcc/arm-none-eabi/9.3.1/thumb/v7e-m+fp/hard/crtn.o
 *crtbegin.o(.ctors)
 *crtbegin?.o(.ctors)
 *(EXCLUDE_FILE(*crtend.o *crtend?.o) .ctors)
 *(SORT_BY_NAME(.ctors.*))
 *(.ctors)
 *crtbegin.o(.dtors)
 *crtbegin?.o(.dtors)
 *(EXCLUDE_FILE(*crtend.o *crtend?.o) .dtors)
 *(SORT_BY_NAME(.dtors.*))
 *(.dtors)
 *(.rodata*)
 .rodata.dbg_str.str1.1
                0x00000000000053ac        0x3 /home/hy/qorc-sdk/arm_examples/fpga-arm/m4/GCC_Project/output/dbg_uart.o
 .rodata._colon_tt.8565
                0x00000000000053af        0x4 /home/hy/qorc-sdk/arm_examples/fpga-arm/m4/GCC_Project/output/dbg_uart.o
 .rodata.HAL_PAD_Config.str1.1
                0x00000000000053b3       0x54 /home/hy/qorc-sdk/arm_examples/fpga-arm/m4/GCC_Project/output/eoss3_hal_pad_config.o
 .rodata.IO_INPUT_PAD_SEL
                0x0000000000005407       0x10 /home/hy/qorc-sdk/arm_examples/fpga-arm/m4/GCC_Project/output/eoss3_hal_pad_config.o
                0x0000000000005407                IO_INPUT_PAD_SEL
 .rodata.SEL_EXT_PAD_REGS
                0x0000000000005417      0x160 /home/hy/qorc-sdk/arm_examples/fpga-arm/m4/GCC_Project/output/eoss3_hal_pad_config.o
                0x0000000000005417                SEL_EXT_PAD_REGS
 .rodata.unlock_spi1_bus.str1.1
                0x0000000000005577       0x36 /home/hy/qorc-sdk/arm_examples/fpga-arm/m4/GCC_Project/output/eoss3_hal_spi.o
 .rodata.SendEventToTimerThread.str1.1
                0x00000000000055ad       0x82 /home/hy/qorc-sdk/arm_examples/fpga-arm/m4/GCC_Project/output/eoss3_hal_timer.o
 .rodata.HAL_Timer_ISR.str1.1
                0x000000000000562f       0x20 /home/hy/qorc-sdk/arm_examples/fpga-arm/m4/GCC_Project/output/eoss3_hal_timer.o
 .rodata.__FUNCTION__.9326
                0x000000000000564f        0xe /home/hy/qorc-sdk/arm_examples/fpga-arm/m4/GCC_Project/output/eoss3_hal_timer.o
 .rodata.uart_init.str1.1
                0x000000000000565d        0xc /home/hy/qorc-sdk/arm_examples/fpga-arm/m4/GCC_Project/output/eoss3_hal_uart.o
 *fill*         0x0000000000005669        0x3 
 .rodata.CSWTCH.25
                0x000000000000566c       0x28 /home/hy/qorc-sdk/arm_examples/fpga-arm/m4/GCC_Project/output/eoss3_hal_uart.o
 .rodata.WDT_ISR.str1.1
                0x0000000000005694       0x4d /home/hy/qorc-sdk/arm_examples/fpga-arm/m4/GCC_Project/output/eoss3_hal_wdt.o
 .rodata.__FUNCTION__.8690
                0x00000000000056e1        0x8 /home/hy/qorc-sdk/arm_examples/fpga-arm/m4/GCC_Project/output/eoss3_hal_wdt.o
 .rodata.spurious_interrupt.str1.1
                0x00000000000056e9        0xd /home/hy/qorc-sdk/arm_examples/fpga-arm/m4/GCC_Project/output/exceptions.o
 .rodata.prvGetRegistersFromStack.str1.1
                0x00000000000056f6       0x41 /home/hy/qorc-sdk/arm_examples/fpga-arm/m4/GCC_Project/output/exceptions.o
                                         0x44 (size before relaxing)
 .rodata.vApplicationMallocFailedHook.str1.1
                0x0000000000005737       0x20 /home/hy/qorc-sdk/arm_examples/fpga-arm/m4/GCC_Project/output/exceptions.o
 .rodata.vApplicationStackOverflowHook.str1.1
                0x0000000000005757       0x21 /home/hy/qorc-sdk/arm_examples/fpga-arm/m4/GCC_Project/output/exceptions.o
 .rodata.pvPortMalloc.str1.1
                0x0000000000005778       0x58 /home/hy/qorc-sdk/arm_examples/fpga-arm/m4/GCC_Project/output/heap_4.o
 .rodata.main.str1.1
                0x00000000000057d0       0xde /home/hy/qorc-sdk/arm_examples/fpga-arm/m4/GCC_Project/output/main.o
                                         0xe3 (size before relaxing)
 .rodata.prvTaskExitError.str1.1
                0x00000000000058ae       0x6b /home/hy/qorc-sdk/arm_examples/fpga-arm/m4/GCC_Project/output/port.o
 .rodata.xQueueGenericReset.str1.1
                0x0000000000005919       0x46 /home/hy/qorc-sdk/arm_examples/fpga-arm/m4/GCC_Project/output/queue.o
 .rodata.S3x_Clk_Init.str1.1
                0x000000000000595f       0x5c /home/hy/qorc-sdk/arm_examples/fpga-arm/m4/GCC_Project/output/s3x_clock.o
 .rodata.DFS_StartTimer.str1.1
                0x00000000000059bb       0x5d /home/hy/qorc-sdk/arm_examples/fpga-arm/m4/GCC_Project/output/s3x_dfs.o
 .rodata.S3x_Set_Policy.str1.1
                0x0000000000005a18       0x17 /home/hy/qorc-sdk/arm_examples/fpga-arm/m4/GCC_Project/output/s3x_dfs.o
 .rodata.s3x_pi_set_active_st.str1.1
                0x0000000000005a2f       0x2f /home/hy/qorc-sdk/arm_examples/fpga-arm/m4/GCC_Project/output/s3x_pi.o
 .rodata.__func__.9039
                0x0000000000005a5e       0x15 /home/hy/qorc-sdk/arm_examples/fpga-arm/m4/GCC_Project/output/s3x_pi.o
 .rodata.save_assert_info.str1.1
                0x0000000000005a73       0x1c /home/hy/qorc-sdk/arm_examples/fpga-arm/m4/GCC_Project/output/sec_debug.o
 .rodata.invoke_soft_fault.str1.1
                0x0000000000005a8f        0xc /home/hy/qorc-sdk/arm_examples/fpga-arm/m4/GCC_Project/output/sec_debug.o
 .rodata        0x0000000000005a9b        0x8 /home/hy/qorc-sdk/arm_examples/fpga-arm/m4/GCC_Project/output/sec_debug.o
 .rodata.prvTaskIsTaskSuspended.str1.1
                0x0000000000005aa3       0x46 /home/hy/qorc-sdk/arm_examples/fpga-arm/m4/GCC_Project/output/tasks.o
 .rodata.prvCheckForValidListAndQueue.str1.1
                0x0000000000005ae9        0x5 /home/hy/qorc-sdk/arm_examples/fpga-arm/m4/GCC_Project/output/timers.o
 .rodata.xTimerCreateTimerTask.str1.1
                0x0000000000005aee       0x4f /home/hy/qorc-sdk/arm_examples/fpga-arm/m4/GCC_Project/output/timers.o
 *fill*         0x0000000000005b3d        0x3 
 .rodata._global_impure_ptr
                0x0000000000005b40        0x4 /home/hy/qorc-sdk/arm_toolchain_install/gcc-arm-none-eabi-9-2020-q2-update/bin/../lib/gcc/arm-none-eabi/9.3.1/../../../../arm-none-eabi/lib/thumb/v7e-m+fp/hard/libg_nano.a(lib_a-impure.o)
                0x0000000000005b40                _global_impure_ptr
 .rodata.__sf_fake_stderr
                0x0000000000005b44       0x20 /home/hy/qorc-sdk/arm_toolchain_install/gcc-arm-none-eabi-9-2020-q2-update/bin/../lib/gcc/arm-none-eabi/9.3.1/../../../../arm-none-eabi/lib/thumb/v7e-m+fp/hard/libg_nano.a(lib_a-findfp.o)
                0x0000000000005b44                __sf_fake_stderr
 .rodata.__sf_fake_stdin
                0x0000000000005b64       0x20 /home/hy/qorc-sdk/arm_toolchain_install/gcc-arm-none-eabi-9-2020-q2-update/bin/../lib/gcc/arm-none-eabi/9.3.1/../../../../arm-none-eabi/lib/thumb/v7e-m+fp/hard/libg_nano.a(lib_a-findfp.o)
                0x0000000000005b64                __sf_fake_stdin
 .rodata.__sf_fake_stdout
                0x0000000000005b84       0x20 /home/hy/qorc-sdk/arm_toolchain_install/gcc-arm-none-eabi-9-2020-q2-update/bin/../lib/gcc/arm-none-eabi/9.3.1/../../../../arm-none-eabi/lib/thumb/v7e-m+fp/hard/libg_nano.a(lib_a-findfp.o)
                0x0000000000005b84                __sf_fake_stdout
 .rodata._svfprintf_r.str1.1
                0x0000000000005ba4       0x11 /home/hy/qorc-sdk/arm_toolchain_install/gcc-arm-none-eabi-9-2020-q2-update/bin/../lib/gcc/arm-none-eabi/9.3.1/../../../../arm-none-eabi/lib/thumb/v7e-m+fp/hard/libg_nano.a(lib_a-nano-svfprintf.o)
 .rodata._vfprintf_r.str1.1
                0x0000000000005bb5       0x11 /home/hy/qorc-sdk/arm_toolchain_install/gcc-arm-none-eabi-9-2020-q2-update/bin/../lib/gcc/arm-none-eabi/9.3.1/../../../../arm-none-eabi/lib/thumb/v7e-m+fp/hard/libg_nano.a(lib_a-nano-vfprintf.o)
 .rodata._printf_i.str1.1
                0x0000000000005bb5       0x22 /home/hy/qorc-sdk/arm_toolchain_install/gcc-arm-none-eabi-9-2020-q2-update/bin/../lib/gcc/arm-none-eabi/9.3.1/../../../../arm-none-eabi/lib/thumb/v7e-m+fp/hard/libg_nano.a(lib_a-nano-vfprintf_i.o)
 *(.eh_fram e*)

.eh_frame       0x0000000000005bd8        0x0
 .eh_frame      0x0000000000005bd8        0x0 /home/hy/qorc-sdk/arm_toolchain_install/gcc-arm-none-eabi-9-2020-q2-update/bin/../lib/gcc/arm-none-eabi/9.3.1/thumb/v7e-m+fp/hard/crtbegin.o

.glue_7         0x0000000000005bd8        0x0
 .glue_7        0x0000000000005bd8        0x0 linker stubs

.glue_7t        0x0000000000005bd8        0x0
 .glue_7t       0x0000000000005bd8        0x0 linker stubs

.vfp11_veneer   0x0000000000005bd8        0x0
 .vfp11_veneer  0x0000000000005bd8        0x0 linker stubs

.v4_bx          0x0000000000005bd8        0x0
 .v4_bx         0x0000000000005bd8        0x0 linker stubs

.iplt           0x0000000000005bd8        0x0
 .iplt          0x0000000000005bd8        0x0 /home/hy/qorc-sdk/arm_toolchain_install/gcc-arm-none-eabi-9-2020-q2-update/bin/../lib/gcc/arm-none-eabi/9.3.1/thumb/v7e-m+fp/hard/crtbegin.o

.ARM.extab
 *(.ARM.extab* .gnu.linkonce.armextab.*)
                0x0000000000005bd7                __exidx_start = .

.ARM.exidx      0x0000000000005bd8        0x8
 *(.ARM.exidx* .gnu.linkonce.armexidx.*)
 .ARM.exidx     0x0000000000005bd8        0x8 /home/hy/qorc-sdk/arm_toolchain_install/gcc-arm-none-eabi-9-2020-q2-update/bin/../lib/gcc/arm-none-eabi/9.3.1/../../../../arm-none-eabi/lib/thumb/v7e-m+fp/hard/crt0.o
                                         0x10 (size before relaxing)
                0x0000000000005be0                __exidx_end = .
                0x0000000000005be0                __etext = .
                0x0000000000005be0                _sidata = __etext

.rel.dyn        0x0000000000005be0        0x0
 .rel.iplt      0x0000000000005be0        0x0 /home/hy/qorc-sdk/arm_toolchain_install/gcc-arm-none-eabi-9-2020-q2-update/bin/../lib/gcc/arm-none-eabi/9.3.1/thumb/v7e-m+fp/hard/crtbegin.o

.data           0x0000000020027000      0x8fc load address 0x0000000000005be0
                0x0000000020027000                __data_start__ = .
                0x0000000020027000                _sdata = __data_start__
 *(vtable)
 *(.data*)
 .data._dbg_uart_id
                0x0000000020027000        0x4 /home/hy/qorc-sdk/arm_examples/fpga-arm/m4/GCC_Project/output/dbg_uart.o
                0x0000000020027000                _dbg_uart_id
 .data._semihost_handle
                0x0000000020027004        0x4 /home/hy/qorc-sdk/arm_examples/fpga-arm/m4/GCC_Project/output/dbg_uart.o
                0x0000000020027004                _semihost_handle
 .data.pcDbgBuffer
                0x0000000020027008        0x4 /home/hy/qorc-sdk/arm_examples/fpga-arm/m4/GCC_Project/output/dbg_uart.o
                0x0000000020027008                pcDbgBuffer
 .data.pcDbgBufferLim
                0x000000002002700c        0x4 /home/hy/qorc-sdk/arm_examples/fpga-arm/m4/GCC_Project/output/dbg_uart.o
                0x000000002002700c                pcDbgBufferLim
 .data.rtc_alarm_interval
                0x0000000020027010        0x4 /home/hy/qorc-sdk/arm_examples/fpga-arm/m4/GCC_Project/output/eoss3_hal_rtc.o
 .data.pincfg_table
                0x0000000020027014       0xc0 /home/hy/qorc-sdk/arm_examples/fpga-arm/m4/GCC_Project/output/pincfg_table.o
                0x0000000020027014                pincfg_table
 .data.sizeof_pincfg_table
                0x00000000200270d4        0x4 /home/hy/qorc-sdk/arm_examples/fpga-arm/m4/GCC_Project/output/pincfg_table.o
                0x00000000200270d4                sizeof_pincfg_table
 .data.uxCriticalNesting
                0x00000000200270d8        0x4 /home/hy/qorc-sdk/arm_examples/fpga-arm/m4/GCC_Project/output/port.o
 .data.S3x_Clk_Domain_Gate_info
                0x00000000200270dc       0x90 /home/hy/qorc-sdk/arm_examples/fpga-arm/m4/GCC_Project/output/s3x_clock.o
                0x00000000200270dc                S3x_Clk_Domain_Gate_info
 .data.policyCurrent
                0x000000002002716c        0x1 /home/hy/qorc-sdk/arm_examples/fpga-arm/m4/GCC_Project/output/s3x_dfs.o
 .data.s3x_dfs_enable
                0x000000002002716d        0x1 /home/hy/qorc-sdk/arm_examples/fpga-arm/m4/GCC_Project/output/s3x_dfs.o
 .data.stepdown_clkd_index
                0x000000002002716e        0x4 /home/hy/qorc-sdk/arm_examples/fpga-arm/m4/GCC_Project/output/s3x_dfs.o
                0x000000002002716e                stepdown_clkd_index
 .data.stepup_clkd_index
                0x0000000020027172        0x4 /home/hy/qorc-sdk/arm_examples/fpga-arm/m4/GCC_Project/output/s3x_dfs.o
                0x0000000020027172                stepup_clkd_index
 .data.S3x_Gate_PI_info
                0x0000000020027176       0x48 /home/hy/qorc-sdk/arm_examples/fpga-arm/m4/GCC_Project/output/s3x_pi.o
                0x0000000020027176                S3x_Gate_PI_info
 .data.S3Pi     0x00000000200271be      0x1dc /home/hy/qorc-sdk/arm_examples/fpga-arm/m4/GCC_Project/output/s3x_pwrcfg.o
                0x00000000200271be                S3Pi
 *fill*         0x000000002002739a        0x2 
 .data.S3clk    0x000000002002739c      0x450 /home/hy/qorc-sdk/arm_examples/fpga-arm/m4/GCC_Project/output/s3x_pwrcfg.o
                0x000000002002739c                S3clk
 .data.dfs_node
                0x00000000200277ec       0xa0 /home/hy/qorc-sdk/arm_examples/fpga-arm/m4/GCC_Project/output/s3x_pwrcfg.o
                0x00000000200277ec                dfs_node
 .data.policyInitial
                0x000000002002788c        0x1 /home/hy/qorc-sdk/arm_examples/fpga-arm/m4/GCC_Project/output/s3x_pwrcfg.o
                0x000000002002788c                policyInitial
 *fill*         0x000000002002788d        0x3 
 .data._impure_ptr
                0x0000000020027890        0x4 /home/hy/qorc-sdk/arm_toolchain_install/gcc-arm-none-eabi-9-2020-q2-update/bin/../lib/gcc/arm-none-eabi/9.3.1/../../../../arm-none-eabi/lib/thumb/v7e-m+fp/hard/libg_nano.a(lib_a-impure.o)
                0x0000000020027890                _impure_ptr
 .data.impure_data
                0x0000000020027894       0x60 /home/hy/qorc-sdk/arm_toolchain_install/gcc-arm-none-eabi-9-2020-q2-update/bin/../lib/gcc/arm-none-eabi/9.3.1/../../../../arm-none-eabi/lib/thumb/v7e-m+fp/hard/libg_nano.a(lib_a-impure.o)
                0x00000000200278f4                . = ALIGN (0x4)
                0x00000000200278f4                PROVIDE (__preinit_array_start = .)
 *(.preinit_array)
                0x00000000200278f4                PROVIDE (__preinit_array_end = .)
                0x00000000200278f4                . = ALIGN (0x4)
                0x00000000200278f4                PROVIDE (__init_array_start = .)
 *(SORT_BY_NAME(.init_array.*))
 *(.init_array)
 .init_array    0x00000000200278f4        0x4 /home/hy/qorc-sdk/arm_toolchain_install/gcc-arm-none-eabi-9-2020-q2-update/bin/../lib/gcc/arm-none-eabi/9.3.1/thumb/v7e-m+fp/hard/crtbegin.o
                0x00000000200278f8                PROVIDE (__init_array_end = .)
                0x00000000200278f8                . = ALIGN (0x4)
                [!provide]                        PROVIDE (__fini_array_start = .)
 *(SORT_BY_NAME(.fini_array.*))
 *(.fini_array)
 .fini_array    0x00000000200278f8        0x4 /home/hy/qorc-sdk/arm_toolchain_install/gcc-arm-none-eabi-9-2020-q2-update/bin/../lib/gcc/arm-none-eabi/9.3.1/thumb/v7e-m+fp/hard/crtbegin.o
                [!provide]                        PROVIDE (__fini_array_end = .)
 *(.jcr*)
                0x00000000200278fc                . = ALIGN (0x4)
                0x00000000200278fc                __data_end__ = .
                0x00000000200278fc                _edata = __data_end__

.igot.plt       0x00000000200278fc        0x0 load address 0x00000000000064dc
 .igot.plt      0x00000000200278fc        0x0 /home/hy/qorc-sdk/arm_toolchain_install/gcc-arm-none-eabi-9-2020-q2-update/bin/../lib/gcc/arm-none-eabi/9.3.1/thumb/v7e-m+fp/hard/crtbegin.o

.Hardware       0x0000000020064000        0x0
                0x0000000020064000                __hwa_start__ = .
 *(*HWA*)
                0x0000000020064000                __hwa_end__ = .

.bss            0x0000000020027900     0xfc94
                0x0000000020027900                . = ALIGN (0x4)
                0x0000000020027900                __bss_start__ = .
                0x0000000020027900                _sbss = __bss_start__
 *(.bss*)
 .bss           0x0000000020027900       0x1c /home/hy/qorc-sdk/arm_toolchain_install/gcc-arm-none-eabi-9-2020-q2-update/bin/../lib/gcc/arm-none-eabi/9.3.1/thumb/v7e-m+fp/hard/crtbegin.o
 .bss.__debug_fatal__
                0x000000002002791c        0x4 /home/hy/qorc-sdk/arm_examples/fpga-arm/m4/GCC_Project/output/dbg_uart.o
                0x000000002002791c                __debug_fatal__
 .bss.fSkipSemi
                0x0000000020027920        0x1 /home/hy/qorc-sdk/arm_examples/fpga-arm/m4/GCC_Project/output/dbg_uart.o
                0x0000000020027920                fSkipSemi
 *fill*         0x0000000020027921        0x7 
 .bss.fPadIsConfig
                0x0000000020027928        0x8 /home/hy/qorc-sdk/arm_examples/fpga-arm/m4/GCC_Project/output/eoss3_hal_pad_config.o
                0x0000000020027928                fPadIsConfig
 .bss.rtc_cb_func
                0x0000000020027930        0x4 /home/hy/qorc-sdk/arm_examples/fpga-arm/m4/GCC_Project/output/eoss3_hal_rtc.o
 .bss.xLockSPI1Bus
                0x0000000020027934        0x4 /home/hy/qorc-sdk/arm_examples/fpga-arm/m4/GCC_Project/output/eoss3_hal_spi.o
 .bss.xWaitForIntr
                0x0000000020027938        0x4 /home/hy/qorc-sdk/arm_examples/fpga-arm/m4/GCC_Project/output/eoss3_hal_spi.o
 .bss.TimerQueue
                0x000000002002793c        0x4 /home/hy/qorc-sdk/arm_examples/fpga-arm/m4/GCC_Project/output/eoss3_hal_timer.o
 .bss.TimerToExpire
                0x0000000020027940        0x4 /home/hy/qorc-sdk/arm_examples/fpga-arm/m4/GCC_Project/output/eoss3_hal_timer.o
 .bss.uart_vars
                0x0000000020027944       0x44 /home/hy/qorc-sdk/arm_examples/fpga-arm/m4/GCC_Project/output/eoss3_hal_uart.o
 .bss.WDT_Handle
                0x0000000020027988       0x10 /home/hy/qorc-sdk/arm_examples/fpga-arm/m4/GCC_Project/output/eoss3_hal_wdt.o
 .bss.isrcount.8689
                0x0000000020027998        0x4 /home/hy/qorc-sdk/arm_examples/fpga-arm/m4/GCC_Project/output/eoss3_hal_wdt.o
 .bss.FB_ISR    0x000000002002799c       0x10 /home/hy/qorc-sdk/arm_examples/fpga-arm/m4/GCC_Project/output/exceptions.o
                0x000000002002799c                FB_ISR
 .bss.ucount    0x00000000200279ac        0x4 /home/hy/qorc-sdk/arm_examples/fpga-arm/m4/GCC_Project/output/exceptions.o
                0x00000000200279ac                ucount
 .bss.urxcount  0x00000000200279b0        0x4 /home/hy/qorc-sdk/arm_examples/fpga-arm/m4/GCC_Project/output/exceptions.o
                0x00000000200279b0                urxcount
 .bss.pxEnd     0x00000000200279b4        0x4 /home/hy/qorc-sdk/arm_examples/fpga-arm/m4/GCC_Project/output/heap_4.o
 .bss.ucHeap    0x00000000200279b8     0xf000 /home/hy/qorc-sdk/arm_examples/fpga-arm/m4/GCC_Project/output/heap_4.o
 .bss.xBlockAllocatedBit
                0x00000000200369b8        0x4 /home/hy/qorc-sdk/arm_examples/fpga-arm/m4/GCC_Project/output/heap_4.o
 .bss.xFreeBytesRemaining
                0x00000000200369bc        0x4 /home/hy/qorc-sdk/arm_examples/fpga-arm/m4/GCC_Project/output/heap_4.o
 .bss.xMinimumEverFreeBytesRemaining
                0x00000000200369c0        0x4 /home/hy/qorc-sdk/arm_examples/fpga-arm/m4/GCC_Project/output/heap_4.o
 .bss.xStart    0x00000000200369c4        0x8 /home/hy/qorc-sdk/arm_examples/fpga-arm/m4/GCC_Project/output/heap_4.o
 .bss.ucMaxSysCallPriority
                0x00000000200369cc        0x1 /home/hy/qorc-sdk/arm_examples/fpga-arm/m4/GCC_Project/output/port.o
 *fill*         0x00000000200369cd        0x3 
 .bss.ulMaxPRIGROUPValue
                0x00000000200369d0        0x4 /home/hy/qorc-sdk/arm_examples/fpga-arm/m4/GCC_Project/output/port.o
 .bss.uxGlobalQueueNumber
                0x00000000200369d4        0x4 /home/hy/qorc-sdk/arm_examples/fpga-arm/m4/GCC_Project/output/queue.o
 .bss.Hsosc     0x00000000200369d8        0xc /home/hy/qorc-sdk/arm_examples/fpga-arm/m4/GCC_Project/output/s3x_clock.o
                0x00000000200369d8                Hsosc
 .bss.ticksSleeptime